Component: ARM Compiler 5.05 update 1 (build 106) Tool: armlink [4d0efa]

==============================================================================

Section Cross References

    main.o(i.main) refers to system.o(i.systemInit) for systemInit
    main.o(i.main) refers to tasks.o(i.xTaskCreate) for xTaskCreate
    main.o(i.main) refers to tasks.o(i.vTaskStartScheduler) for vTaskStartScheduler
    main.o(i.main) refers to main.o(.data) for startTaskHandle
    main.o(i.main) refers to main.o(i.startTask) for startTask
    main.o(i.startTask) refers to port.o(i.vPortEnterCritical) for vPortEnterCritical
    main.o(i.startTask) refers to tasks.o(i.xTaskCreate) for xTaskCreate
    main.o(i.startTask) refers to heap_4.o(i.xPortGetFreeHeapSize) for xPortGetFreeHeapSize
    main.o(i.startTask) refers to printfa.o(i.__0printf) for __2printf
    main.o(i.startTask) refers to tasks.o(i.vTaskDelete) for vTaskDelete
    main.o(i.startTask) refers to port.o(i.vPortExitCritical) for vPortExitCritical
    main.o(i.startTask) refers to radiolink.o(i.radiolinkTask) for radiolinkTask
    main.o(i.startTask) refers to usblink.o(i.usblinkRxTask) for usblinkRxTask
    main.o(i.startTask) refers to usblink.o(i.usblinkTxTask) for usblinkTxTask
    main.o(i.startTask) refers to atkp.o(i.atkpTxTask) for atkpTxTask
    main.o(i.startTask) refers to atkp.o(i.atkpRxAnlTask) for atkpRxAnlTask
    main.o(i.startTask) refers to config_param.o(i.configParamTask) for configParamTask
    main.o(i.startTask) refers to pm.o(i.pmTask) for pmTask
    main.o(i.startTask) refers to sensors.o(i.sensorsTask) for sensorsTask
    main.o(i.startTask) refers to stabilizer.o(i.stabilizerTask) for stabilizerTask
    main.o(i.startTask) refers to wifi_ctrl.o(i.wifiLinkTask) for wifiLinkTask
    main.o(i.startTask) refers to module_mgt.o(i.expModuleMgtTask) for expModuleMgtTask
    main.o(i.startTask) refers to main.o(.data) for startTaskHandle
    main.o(i.vApplicationIdleHook) refers to nvic.o(i.getSysTickCnt) for getSysTickCnt
    main.o(i.vApplicationIdleHook) refers to stm32f4xx_iwdg.o(i.IWDG_ReloadCounter) for IWDG_ReloadCounter
    main.o(i.vApplicationIdleHook) refers to main.o(.data) for tickWatchdogReset
    system_stm32f4xx.o(i.SystemCoreClockUpdate) refers to system_stm32f4xx.o(.data) for SystemCoreClock
    system_stm32f4xx.o(i.SystemInit) refers to system_stm32f4xx.o(i.SetSysClock) for SetSysClock
    delay.o(i.delay_init) refers to misc.o(i.SysTick_CLKSourceConfig) for SysTick_CLKSourceConfig
    delay.o(i.delay_init) refers to delay.o(.data) for fac_us
    delay.o(i.delay_ms) refers to tasks.o(i.xTaskGetSchedulerState) for xTaskGetSchedulerState
    delay.o(i.delay_ms) refers to tasks.o(i.vTaskDelay) for vTaskDelay
    delay.o(i.delay_ms) refers to delay.o(i.delay_us) for delay_us
    delay.o(i.delay_ms) refers to delay.o(.data) for fac_ms
    delay.o(i.delay_us) refers to delay.o(.data) for fac_us
    delay.o(i.delay_xms) refers to delay.o(i.delay_us) for delay_us
    usart.o(i.fputc) refers to console.o(i.consolePutchar) for consolePutchar
    usart.o(i.uart_init) refers to stm32f4xx_rcc.o(i.RCC_AHB1PeriphClockCmd) for RCC_AHB1PeriphClockCmd
    usart.o(i.uart_init) refers to stm32f4xx_rcc.o(i.RCC_APB2PeriphClockCmd) for RCC_APB2PeriphClockCmd
    usart.o(i.uart_init) refers to stm32f4xx_gpio.o(i.GPIO_PinAFConfig) for GPIO_PinAFConfig
    usart.o(i.uart_init) refers to stm32f4xx_gpio.o(i.GPIO_Init) for GPIO_Init
    usart.o(i.uart_init) refers to stm32f4xx_usart.o(i.USART_Init) for USART_Init
    usart.o(i.uart_init) refers to stm32f4xx_usart.o(i.USART_Cmd) for USART_Cmd
    usart.o(i.uart_init) refers to stm32f4xx_usart.o(i.USART_ITConfig) for USART_ITConfig
    usart.o(i.uart_init) refers to misc.o(i.NVIC_Init) for NVIC_Init
    config_param.o(i.configParamGiveSemaphore) refers to queue.o(i.xQueueGenericSend) for xQueueGenericSend
    config_param.o(i.configParamGiveSemaphore) refers to config_param.o(.data) for xSemaphore
    config_param.o(i.configParamInit) refers to stmflash.o(i.STMFLASH_Read) for STMFLASH_Read
    config_param.o(i.configParamInit) refers to config_param.o(i.configParamCksum) for configParamCksum
    config_param.o(i.configParamInit) refers to f2d.o(.text) for __aeabi_f2d
    config_param.o(i.configParamInit) refers to printfa.o(i.__0printf) for __2printf
    config_param.o(i.configParamInit) refers to memcpya.o(.text) for __aeabi_memcpy4
    config_param.o(i.configParamInit) refers to stmflash.o(i.STMFLASH_Write) for STMFLASH_Write
    config_param.o(i.configParamInit) refers to queue.o(i.xQueueGenericCreate) for xQueueGenericCreate
    config_param.o(i.configParamInit) refers to config_param.o(.data) for isInit
    config_param.o(i.configParamInit) refers to config_param.o(.bss) for configParam
    config_param.o(i.configParamTask) refers to queue.o(i.xQueueGenericReceive) for xQueueGenericReceive
    config_param.o(i.configParamTask) refers to config_param.o(i.configParamCksum) for configParamCksum
[...]
    ws2812PowerControl                       0x08019435   Thumb Code    26  ws2812.o(i.ws2812PowerControl)
    ws2812Send                               0x08019455   Thumb Code   120  ws2812.o(i.ws2812Send)
    xPortGetFreeHeapSize                     0x080194ed   Thumb Code     6  heap_4.o(i.xPortGetFreeHeapSize)
    xPortStartScheduler                      0x080194f9   Thumb Code    58  port.o(i.xPortStartScheduler)
    xPortSysTickHandler                      0x08019541   Thumb Code    46  port.o(i.xPortSysTickHandler)
    xQueueCreateMutex                        0x08019575   Thumb Code    34  queue.o(i.xQueueCreateMutex)
    xQueueGenericCreate                      0x08019597   Thumb Code    56  queue.o(i.xQueueGenericCreate)
    xQueueGenericReceive                     0x080195d1   Thumb Code   342  queue.o(i.xQueueGenericReceive)
    xQueueGenericReset                       0x0801972d   Thumb Code   122  queue.o(i.xQueueGenericReset)
    xQueueGenericSend                        0x080197ad   Thumb Code   308  queue.o(i.xQueueGenericSend)
    xQueueGenericSendFromISR                 0x080198e5   Thumb Code   156  queue.o(i.xQueueGenericSendFromISR)
    xQueueGiveFromISR                        0x08019981   Thumb Code   142  queue.o(i.xQueueGiveFromISR)
    xQueueReceiveFromISR                     0x08019a0f   Thumb Code   130  queue.o(i.xQueueReceiveFromISR)
    xTaskCheckForTimeOut                     0x08019a91   Thumb Code    84  tasks.o(i.xTaskCheckForTimeOut)
    xTaskCreate                              0x08019aed   Thumb Code    96  tasks.o(i.xTaskCreate)
    xTaskGetSchedulerState                   0x08019b4d   Thumb Code    24  tasks.o(i.xTaskGetSchedulerState)
    xTaskGetTickCount                        0x08019b6d   Thumb Code     6  tasks.o(i.xTaskGetTickCount)
    xTaskIncrementTick                       0x08019b79   Thumb Code   238  tasks.o(i.xTaskIncrementTick)
    xTaskPriorityDisinherit                  0x08019c95   Thumb Code   122  tasks.o(i.xTaskPriorityDisinherit)
    xTaskRemoveFromEventList                 0x08019d19   Thumb Code   104  tasks.o(i.xTaskRemoveFromEventList)
    xTaskResumeAll                           0x08019d99   Thumb Code   196  tasks.o(i.xTaskResumeAll)
    xTimerCreate                             0x08019e81   Thumb Code    48  timers.o(i.xTimerCreate)
    xTimerCreateTimerTask                    0x08019eb1   Thumb Code    40  timers.o(i.xTimerCreateTimerTask)
    xTimerGenericCommand                     0x08019eed   Thumb Code   102  timers.o(i.xTimerGenericCommand)
    MOTORS                                   0x08019fa8   Data          16  motors.o(.constdata)
    seq_lowbat                               0x0801a02c   Data          16  ledseq.o(.constdata)
    seq_calibrated                           0x0801a03c   Data          24  ledseq.o(.constdata)
    seq_alive                                0x0801a054   Data          24  ledseq.o(.constdata)
    seq_linkup                               0x0801a06c   Data          24  ledseq.o(.constdata)
    seq_charged                              0x0801a084   Data          16  ledseq.o(.constdata)
    seq_charging                             0x0801a094   Data          24  ledseq.o(.constdata)
    __mathlib_zero                           0x0801a280   Data           8  qnan.o(.constdata)
    Region$$Table$$Base                      0x0801a2ac   Number         0  anon$$obj.o(Region$$Table)
    Region$$Table$$Limit                     0x0801a2cc   Number         0  anon$$obj.o(Region$$Table)
    startTaskHandle                          0x20000000   Data           4  main.o(.data)
    __stdout                                 0x20000010   Data           4  usart.o(.data)
    USART_RX_STA                             0x20000014   Data           2  usart.o(.data)
    sensorsBus                               0x200000c8   Data         100  i2c_drv.o(.data)
    effect                                   0x200001c0   Data           4  ledring12.o(.data)
    effectsFct                               0x200001ec   Data          44  ledring12.o(.data)
    pxCurrentTCB                             0x20000248   Data           4  tasks.o(.data)
    SET_TEST_MODE                            0x200002b4   Data           4  usbd_core.o(.data)
    USBD_DCD_INT_cb                          0x200002b8   Data          44  usbd_core.o(.data)
    USBD_DCD_INT_fops                        0x200002e4   Data           4  usbd_core.o(.data)
    USBD_ep_status                           0x200002e8   Data           4  usbd_req.o(.data)
    USBD_default_cfg                         0x200002ec   Data           4  usbd_req.o(.data)
    USBD_cfg_status                          0x200002f0   Data           4  usbd_req.o(.data)
    CmdBuff                                  0x200002fc   Data           8  usbd_cdc_core.o(.data)
    APP_Rx_ptr_in                            0x20000304   Data           4  usbd_cdc_core.o(.data)
    APP_Rx_ptr_out                           0x20000308   Data           4  usbd_cdc_core.o(.data)
    APP_Rx_length                            0x2000030c   Data           4  usbd_cdc_core.o(.data)
    USB_Tx_State                             0x20000310   Data           1  usbd_cdc_core.o(.data)
    USBD_CDC_cb                              0x2000031c   Data          44  usbd_cdc_core.o(.data)
    usbd_cdc_CfgDesc                         0x20000348   Data          67  usbd_cdc_core.o(.data)
    linecoding                               0x20000394   Data           8  usbd_cdc_vcp.o(.data)
    usb_rx_ptr_in                            0x2000039c   Data           1  usbd_cdc_vcp.o(.data)
    usb_rx_ptr_out                           0x2000039d   Data           1  usbd_cdc_vcp.o(.data)
    VCP_fops                                 0x200003a0   Data          20  usbd_cdc_vcp.o(.data)
    USR_desc                                 0x200003b4   Data          28  usbd_desc.o(.data)
    USBD_DeviceDesc                          0x200003d0   Data          18  usbd_desc.o(.data)
    USBD_DeviceQualifierDesc                 0x200003e2   Data          10  usbd_desc.o(.data)
    USBD_LangIDDesc                          0x200003ec   Data           4  usbd_desc.o(.data)
    USBD_StringSerial                        0x200003f0   Data          26  usbd_desc.o(.data)
    bDeviceState                             0x2000040c   Data           1  usbd_usr.o(.data)
    USR_cb                                   0x20000410   Data          28  usbd_usr.o(.data)
    isConnect                                0x2000042c   Data           1  atkp.o(.data)
    isInit                                   0x2000042d   Data           1  atkp.o(.data)
    flyable                                  0x2000042e   Data           1  atkp.o(.data)
    synch                                    0x20000478   Data           4  console.o(.data)
    flipDir                                  0x200004c5   Data           1  flip.o(.data)
    Kp                                       0x200004fc   Data           4  sensfusion6.o(.data)
    Ki                                       0x20000500   Data           4  sensfusion6.o(.data)
    exInt                                    0x20000504   Data           4  sensfusion6.o(.data)
    eyInt                                    0x20000508   Data           4  sensfusion6.o(.data)
    ezInt                                    0x2000050c   Data           4  sensfusion6.o(.data)
    snapshot                                 0x200005b4   Data          12  debug_assert.o(.nzds)
    configParam                              0x200005c0   Data         116  config_param.o(.bss)
    bmp280Cal                                0x20000634   Data          28  bmp280.o(.bss)
    motor_ratios                             0x20000678   Data          16  motors.o(.bss)
    dmaBuffer0                               0x20000724   Data          48  ws2812.o(.bss)
    dmaBuffer1                               0x20000754   Data          48  ws2812.o(.bss)
    xQueueRegistry                           0x20000884   Data          80  queue.o(.bss)
    usbd_cdc_OtherCfgDesc                    0x20008228   Data          67  usbd_cdc_core.o(.bss)
    USB_Rx_Buffer                            0x2000826b   Data          64  usbd_cdc_core.o(.bss)
    APP_Rx_Buffer                            0x200082ab   Data         512  usbd_cdc_core.o(.bss)
    USB_OTG_dev                              0x200084ac   Data        1524  usbd_cdc_vcp.o(.bss)
    usb_rx_buf                               0x20008aa0   Data         200  usbd_cdc_vcp.o(.bss)
    USBD_StrDesc                             0x20008b68   Data         255  usbd_desc.o(.bss)
    messageToPrint                           0x20008d70   Data          32  console.o(.bss)
    pidAngleRoll                             0x20008e1c   Data          56  attitude_pid.o(.bss)
    pidAnglePitch                            0x20008e54   Data          56  attitude_pid.o(.bss)
    pidAngleYaw                              0x20008e8c   Data          56  attitude_pid.o(.bss)
    pidRateRoll                              0x20008ec4   Data          56  attitude_pid.o(.bss)
    pidRatePitch                             0x20008efc   Data          56  attitude_pid.o(.bss)
    pidRateYaw                               0x20008f34   Data          56  attitude_pid.o(.bss)
    gyroBiasRunning                          0x20009050   Data        6164  sensors.o(.bss)
    __initial_sp                             0x2000ae68   Data           0  startup_stm32f411xe.o(STACK)



==============================================================================

Memory Map of the image

  Image Entry point : 0x08008199

  Load Region LR_IROM1 (Base: 0x08008000, Size: 0x0001288c, Max: 0x00078000, ABSOLUTE, COMPRESSED[0x000124ac])

    Execution Region ER_IROM1 (Base: 0x08008000, Size: 0x000122cc, Max: 0x00078000, ABSOLUTE)

    Base Addr    Size         Type   Attr      Idx    E Section Name        Object

    0x08008000   0x00000198   Data   RO         3328    RESET               startup_stm32f411xe.o
    0x08008198   0x00000000   Code   RO         9320  * .ARM.Collect$$$$00000000  mc_w.l(entry.o)
    0x08008198   0x00000004   Code   RO         9668    .ARM.Collect$$$$00000001  mc_w.l(entry2.o)
    0x0800819c   0x00000004   Code   RO         9671    .ARM.Collect$$$$00000004  mc_w.l(entry5.o)
    0x080081a0   0x00000000   Code   RO         9673    .ARM.Collect$$$$00000008  mc_w.l(entry7b.o)
    0x080081a0   0x00000000   Code   RO         9675    .ARM.Collect$$$$0000000A  mc_w.l(entry8b.o)
    0x080081a0   0x00000008   Code   RO         9676    .ARM.Collect$$$$0000000B  mc_w.l(entry9a.o)
    0x080081a8   0x00000000   Code   RO         9678    .ARM.Collect$$$$0000000D  mc_w.l(entry10a.o)
    0x080081a8   0x00000000   Code   RO         9680    .ARM.Collect$$$$0000000F  mc_w.l(entry11a.o)
    0x080081a8   0x00000004   Code   RO         9669    .ARM.Collect$$$$00002712  mc_w.l(entry2.o)
    0x080081ac   0x00000012   Code   RO         2788    .emb_text           nvic.o
    0x080081be   0x00000002   PAD
    0x080081c0   0x000000b6   Code   RO         6614    .emb_text           port.o
    0x08008276   0x00000002   PAD
    0x08008278   0x00000024   Code   RO         3329    .text               startup_stm32f411xe.o
    0x0800829c   0x00000062   Code   RO         9323    .text               mc_w.l(ldiv.o)
    0x080082fe   0x00000024   Code   RO         9325    .text               mc_w.l(memcpya.o)
    0x08008322   0x00000024   Code   RO         9327    .text               mc_w.l(memseta.o)
    0x08008346   0x0000014e   Code   RO         9596    .text               mf_w.l(dadd.o)
    0x08008494   0x000000e4   Code   RO         9598    .text               mf_w.l(dmul.o)
    0x08008578   0x000000de   Code   RO         9600    .text               mf_w.l(ddiv.o)
    0x08008656   0x0000002c   Code   RO         9602    .text               mf_w.l(ffltl.o)
    0x08008682   0x00000022   Code   RO         9604    .text               mf_w.l(dflti.o)
    0x080086a4   0x0000001a   Code   RO         9606    .text               mf_w.l(dfltui.o)
    0x080086be   0x00000032   Code   RO         9608    .text               mf_w.l(dfixui.o)
    0x080086f0   0x00000026   Code   RO         9610    .text               mf_w.l(f2d.o)
    0x08008716   0x00000002   PAD
    0x08008718   0x00000030   Code   RO         9612    .text               mf_w.l(cdcmple.o)
    0x08008748   0x00000030   Code   RO         9614    .text               mf_w.l(cdrcmple.o)
    0x08008778   0x00000038   Code   RO         9616    .text               mf_w.l(d2f.o)
    0x080087b0   0x0000002c   Code   RO         9682    .text               mc_w.l(uidiv.o)
    0x080087dc   0x00000062   Code   RO         9684    .text               mc_w.l(uldiv.o)
    0x0800883e   0x0000001e   Code   RO         9686    .text               mc_w.l(llshl.o)
    0x0800885c   0x00000020   Code   RO         9688    .text               mc_w.l(llushr.o)
    0x0800887c   0x00000024   Code   RO         9690    .text               mc_w.l(llsshr.o)
    0x080088a0   0x00000000   Code   RO         9699    .text               mc_w.l(iusefp.o)
    0x080088a0   0x0000006e   Code   RO         9700    .text               mf_w.l(fepilogue.o)
    0x0800890e   0x000000ba   Code   RO         9702    .text               mf_w.l(depilogue.o)
    0x080089c8   0x0000002e   Code   RO         9706    .text               mf_w.l(dscalb.o)
    0x080089f6   0x00000030   Code   RO         9708    .text               mf_w.l(dfixul.o)
    0x08008a26   0x00000002   PAD
    0x08008a28   0x00000024   Code   RO         9712    .text               mc_w.l(init.o)
    0x08008a4c   0x000000a2   Code   RO         9714    .text               mf_w.l(dsqrt.o)
    0x08008aee   0x00000056   Code   RO         9724    .text               mc_w.l(__dczerorl2.o)
    0x08008b44   0x00000016   Code   RO         3385    i.ADC_Cmd           stm32f4xx_adc.o
    0x08008b5a   0x00000002   PAD
    0x08008b5c   0x00000030   Code   RO         3386    i.ADC_CommonInit    stm32f4xx_adc.o
    0x08008b8c   0x00000016   Code   RO         3389    i.ADC_DMACmd        stm32f4xx_adc.o
    0x08008ba2   0x00000016   Code   RO         3390    i.ADC_DMARequestAfterLastTransferCmd  stm32f4xx_adc.o
    0x08008bb8   0x00000054   Code   RO         3405    i.ADC_Init          stm32f4xx_adc.o
    0x08008c0c   0x000000b8   Code   RO         3410    i.ADC_RegularChannelConfig  stm32f4xx_adc.o
    0x08008cc4   0x0000000a   Code   RO         3412    i.ADC_SoftwareStartConv  stm32f4xx_adc.o
    0x08008cce   0x00000002   PAD
    0x08008cd0   0x00000058   Code   RO         2789    i.BusFault_Handler  nvic.o
    0x08008d28   0x0000004a   Code   RO         6995    i.DCD_EP_Close      usb_dcd.o
    0x08008d72   0x00000048   Code   RO         6996    i.DCD_EP_ClrStall   usb_dcd.o
    0x08008dba   0x00000068   Code   RO         6998    i.DCD_EP_Open       usb_dcd.o
    0x08008e22   0x00000052   Code   RO         6999    i.DCD_EP_PrepareRx  usb_dcd.o
    0x08008e74   0x0000001c   Code   RO         7000    i.DCD_EP_SetAddress  usb_dcd.o
    0x08008e90   0x00000048   Code   RO         7001    i.DCD_EP_Stall      usb_dcd.o
    0x08008ed8   0x0000004e   Code   RO         7002    i.DCD_EP_Tx         usb_dcd.o
    0x08008f26   0x00000002   PAD
    0x08008f28   0x00000198   Code   RO         7088    i.DCD_HandleEnumDone_ISR  usb_dcd_int.o
    0x080090c0   0x00000128   Code   RO         7089    i.DCD_HandleInEP_ISR  usb_dcd_int.o
    0x080091e8   0x00000100   Code   RO         7090    i.DCD_HandleOutEP_ISR  usb_dcd_int.o
    0x080092e8   0x0000006c   Code   RO         7091    i.DCD_HandleResume_ISR  usb_dcd_int.o
    0x08009354   0x000000b0   Code   RO         7092    i.DCD_HandleRxStatusQueueLevel_ISR  usb_dcd_int.o
    0x08009404   0x0000002c   Code   RO         7093    i.DCD_HandleSof_ISR  usb_dcd_int.o
    0x08009430   0x000000a8   Code   RO         7094    i.DCD_HandleUSBSuspend_ISR  usb_dcd_int.o
    0x080094d8   0x00000104   Code   RO         7095    i.DCD_HandleUsbReset_ISR  usb_dcd_int.o
    0x080095dc   0x0000009c   Code   RO         7004    i.DCD_Init          usb_dcd.o
    0x08009678   0x0000002c   Code   RO         7096    i.DCD_IsoINIncomplete_ISR  usb_dcd_int.o
    0x080096a4   0x0000002c   Code   RO         7097    i.DCD_IsoOUTIncomplete_ISR  usb_dcd_int.o
    0x080096d0   0x00000028   Code   RO         7098    i.DCD_ReadDevInEP   usb_dcd_int.o
    0x080096f8   0x000000ac   Code   RO         7099    i.DCD_WriteEmptyTxFifo  usb_dcd_int.o
    0x080097a4   0x00000010   Code   RO         1090    i.DMA1_Stream0_IRQHandler  i2c_drv.o
    0x080097b4   0x00000008   Code   RO         2790    i.DMA1_Stream4_IRQHandler  nvic.o
    0x080097bc   0x00000008   Code   RO         2871    i.DMA1_Stream6_IRQHandler  uart_syslink.o
    0x080097c4   0x00000034   Code   RO         3666    i.DMA_ClearITPendingBit  stm32f4xx_dma.o
    0x080097f8   0x00000016   Code   RO         3667    i.DMA_Cmd           stm32f4xx_dma.o
    0x0800980e   0x00000002   PAD
    0x08009810   0x00000158   Code   RO         3668    i.DMA_DeInit        stm32f4xx_dma.o
    0x08009968   0x00000016   Code   RO         3669    i.DMA_DoubleBufferModeCmd  stm32f4xx_dma.o
    0x0800997e   0x00000018   Code   RO         3670    i.DMA_DoubleBufferModeConfig  stm32f4xx_dma.o
    0x08009996   0x00000014   Code   RO         3672    i.DMA_GetCmdStatus  stm32f4xx_dma.o
    0x080099aa   0x00000008   Code   RO         3673    i.DMA_GetCurrDataCounter  stm32f4xx_dma.o
    0x080099b2   0x00000014   Code   RO         3674    i.DMA_GetCurrentMemoryTarget  stm32f4xx_dma.o
    0x080099c6   0x00000002   PAD
    0x080099c8   0x00000044   Code   RO         3676    i.DMA_GetFlagStatus  stm32f4xx_dma.o
    0x08009a0c   0x00000064   Code   RO         3677    i.DMA_GetITStatus   stm32f4xx_dma.o
    0x08009a70   0x0000003a   Code   RO         3678    i.DMA_ITConfig      stm32f4xx_dma.o
    0x08009aaa   0x00000002   PAD
    0x08009aac   0x00000058   Code   RO         3679    i.DMA_Init          stm32f4xx_dma.o
    0x08009b04   0x00000004   Code   RO         3682    i.DMA_SetCurrDataCounter  stm32f4xx_dma.o
    0x08009b08   0x00000002   Code   RO         2791    i.DebugMon_Handler  nvic.o
    0x08009b0a   0x00000008   Code   RO         2872    i.EXTI0_Callback    uart_syslink.o
    0x08009b12   0x0000000e   Code   RO          761    i.EXTI0_IRQHandler  exti.o
    0x08009b20   0x00000002   Code   RO          762    i.EXTI10_Callback   exti.o
    0x08009b22   0x00000002   Code   RO          763    i.EXTI11_Callback   exti.o
    0x08009b24   0x00000002   Code   RO          764    i.EXTI12_Callback   exti.o
    0x08009b26   0x00000002   Code   RO          765    i.EXTI13_Callback   exti.o
    0x08009b28   0x00000002   Code   RO          766    i.EXTI14_Callback   exti.o
    0x08009b2a   0x00000088   Code   RO          767    i.EXTI15_10_IRQHandler  exti.o
    0x08009bb2   0x00000002   Code   RO          768    i.EXTI15_Callback   exti.o
    0x08009bb4   0x00000002   Code   RO          769    i.EXTI1_Callback    exti.o
    0x08009bb6   0x0000000e   Code   RO          770    i.EXTI1_IRQHandler  exti.o
    0x08009bc4   0x00000002   Code   RO          771    i.EXTI2_Callback    exti.o
    0x08009bc6   0x0000000e   Code   RO          772    i.EXTI2_IRQHandler  exti.o
    0x08009bd4   0x00000002   Code   RO          773    i.EXTI3_Callback    exti.o
    0x08009bd6   0x0000000e   Code   RO          774    i.EXTI3_IRQHandler  exti.o
    0x08009be4   0x00000030   Code   RO         8761    i.EXTI4_Callback    sensors.o
    0x08009c14   0x0000000e   Code   RO          776    i.EXTI4_IRQHandler  exti.o
    0x08009c22   0x00000002   Code   RO          777    i.EXTI5_Callback    exti.o
    0x08009c24   0x00000002   Code   RO          778    i.EXTI6_Callback    exti.o
    0x08009c26   0x00000002   Code   RO          779    i.EXTI7_Callback    exti.o
    0x08009c28   0x00000002   Code   RO          780    i.EXTI8_Callback    exti.o
    0x08009c2a   0x0000006c   Code   RO          781    i.EXTI9_5_IRQHandler  exti.o
    0x08009c96   0x00000002   Code   RO          782    i.EXTI9_Callback    exti.o
    0x08009c98   0x0000000c   Code   RO         3793    i.EXTI_ClearFlag    stm32f4xx_exti.o
    0x08009ca4   0x0000000c   Code   RO         3794    i.EXTI_ClearITPendingBit  stm32f4xx_exti.o
    0x08009cb0   0x00000018   Code   RO         3798    i.EXTI_GetITStatus  stm32f4xx_exti.o
    0x08009cc8   0x00000094   Code   RO         3799    i.EXTI_Init         stm32f4xx_exti.o
    0x08009d5c   0x00000024   Code   RO         3856    i.FLASH_DataCacheCmd  stm32f4xx_flash.o
    0x08009d80   0x00000088   Code   RO         3861    i.FLASH_EraseSector  stm32f4xx_flash.o
    0x08009e08   0x00000054   Code   RO         3863    i.FLASH_GetStatus   stm32f4xx_flash.o
    0x08009e5c   0x00000014   Code   RO         3867    i.FLASH_Lock        stm32f4xx_flash.o
    0x08009e70   0x00000050   Code   RO         3891    i.FLASH_ProgramWord  stm32f4xx_flash.o
    0x08009ec0   0x00000024   Code   RO         3893    i.FLASH_Unlock      stm32f4xx_flash.o
    0x08009ee4   0x00000022   Code   RO         3894    i.FLASH_WaitForLastOperation  stm32f4xx_flash.o
    0x08009f06   0x00000090   Code   RO         4110    i.GPIO_Init         stm32f4xx_gpio.o
    0x08009f96   0x00000046   Code   RO         4111    i.GPIO_PinAFConfig  stm32f4xx_gpio.o
    0x08009fdc   0x00000012   Code   RO         4114    i.GPIO_ReadInputDataBit  stm32f4xx_gpio.o
    0x08009fee   0x00000004   Code   RO         4117    i.GPIO_ResetBits    stm32f4xx_gpio.o
    0x08009ff2   0x00000004   Code   RO         4118    i.GPIO_SetBits      stm32f4xx_gpio.o
    0x08009ff6   0x00000012   Code   RO         4119    i.GPIO_StructInit   stm32f4xx_gpio.o
    0x0800a008   0x00000034   Code   RO         7620    i.Get_SerialNum     usbd_desc.o
    0x0800a03c   0x000000dc   Code   RO         7435    i.Handle_USBAsynchXfer  usbd_cdc_core.o
    0x0800a118   0x00000010   Code   RO         1091    i.I2C1_ER_IRQHandler  i2c_drv.o
    0x0800a128   0x00000010   Code   RO         1092    i.I2C1_EV_IRQHandler  i2c_drv.o
    0x0800a138   0x00000018   Code   RO         4208    i.I2C_AcknowledgeConfig  stm32f4xx_i2c.o
    0x0800a150   0x0000000c   Code   RO         4212    i.I2C_ClearFlag     stm32f4xx_i2c.o
    0x0800a15c   0x00000018   Code   RO         4215    i.I2C_DMACmd        stm32f4xx_i2c.o
    0x0800a174   0x00000018   Code   RO         4216    i.I2C_DMALastTransferCmd  stm32f4xx_i2c.o
    0x0800a18c   0x00000060   Code   RO         4217    i.I2C_DeInit        stm32f4xx_i2c.o
    0x0800a1ec   0x0000003a   Code   RO         4224    i.I2C_GetFlagStatus  stm32f4xx_i2c.o
    0x0800a226   0x00000012   Code   RO         4228    i.I2C_ITConfig      stm32f4xx_i2c.o
    0x0800a238   0x000000e8   Code   RO         4229    i.I2C_Init          stm32f4xx_i2c.o
    0x0800a320   0x00000008   Code   RO         4234    i.I2C_ReceiveData   stm32f4xx_i2c.o
    0x0800a328   0x00000010   Code   RO         4236    i.I2C_Send7bitAddress  stm32f4xx_i2c.o
    0x0800a338   0x00000004   Code   RO         4237    i.I2C_SendData      stm32f4xx_i2c.o
    0x0800a33c   0x00000010   Code   RO         4431    i.IWDG_Enable       stm32f4xx_iwdg.o
    0x0800a34c   0x00000010   Code   RO         4433    i.IWDG_ReloadCounter  stm32f4xx_iwdg.o
    0x0800a35c   0x0000000c   Code   RO         4434    i.IWDG_SetPrescaler  stm32f4xx_iwdg.o
    0x0800a368   0x0000000c   Code   RO         4435    i.IWDG_SetReload    stm32f4xx_iwdg.o
    0x0800a374   0x0000000c   Code   RO         4436    i.IWDG_WriteAccessCmd  stm32f4xx_iwdg.o
    0x0800a380   0x0000003e   Code   RO         7621    i.IntToUnicode      usbd_desc.o
    0x0800a3be   0x00000002   PAD
    0x0800a3c0   0x00000058   Code   RO         2792    i.MemManage_Handler  nvic.o
    0x0800a418   0x00000002   Code   RO         2793    i.NMI_Handler       nvic.o
    0x0800a41a   0x00000002   PAD
    0x0800a41c   0x00000078   Code   RO         3335    i.NVIC_Init         misc.o
    0x0800a494   0x00000014   Code   RO         3336    i.NVIC_PriorityGroupConfig  misc.o
    0x0800a4a8   0x00000014   Code   RO         3337    i.NVIC_SetVectorTable  misc.o
    0x0800a4bc   0x00000010   Code   RO         7694    i.OTG_FS_IRQHandler  usbd_usr.o
    0x0800a4cc   0x00000020   Code   RO         4481    i.RCC_AHB1PeriphClockCmd  stm32f4xx_rcc.o
    0x0800a4ec   0x00000020   Code   RO         4484    i.RCC_AHB2PeriphClockCmd  stm32f4xx_rcc.o
    0x0800a50c   0x00000020   Code   RO         4490    i.RCC_APB1PeriphClockCmd  stm32f4xx_rcc.o
    0x0800a52c   0x00000020   Code   RO         4492    i.RCC_APB1PeriphResetCmd  stm32f4xx_rcc.o
    0x0800a54c   0x00000020   Code   RO         4493    i.RCC_APB2PeriphClockCmd  stm32f4xx_rcc.o
    0x0800a56c   0x00000020   Code   RO         4495    i.RCC_APB2PeriphResetCmd  stm32f4xx_rcc.o
    0x0800a58c   0x00000014   Code   RO         4498    i.RCC_ClearFlag     stm32f4xx_rcc.o
    0x0800a5a0   0x000000e8   Code   RO         4502    i.RCC_GetClocksFreq  stm32f4xx_rcc.o
    0x0800a688   0x00000040   Code   RO         4503    i.RCC_GetFlagStatus  stm32f4xx_rcc.o
    0x0800a6c8   0x000000a0   Code   RO         3075    i.STMFLASH_GetFlashSector  stmflash.o
    0x0800a768   0x00000020   Code   RO         3076    i.STMFLASH_Read     stmflash.o
    0x0800a788   0x00000006   Code   RO         3077    i.STMFLASH_ReadWord  stmflash.o
    0x0800a78e   0x00000002   PAD
    0x0800a790   0x00000098   Code   RO         3078    i.STMFLASH_Write    stmflash.o
    0x0800a828   0x00000040   Code   RO         5732    i.SYSCFG_EXTILineConfig  stm32f4xx_syscfg.o
    0x0800a868   0x000000e8   Code   RO          255    i.SetSysClock       system_stm32f4xx.o
    0x0800a950   0x00000028   Code   RO         3339    i.SysTick_CLKSourceConfig  misc.o
    0x0800a978   0x00000020   Code   RO         2794    i.SysTick_Handler   nvic.o
    0x0800a998   0x00000068   Code   RO          257    i.SystemInit        system_stm32f4xx.o
    0x0800aa00   0x00000018   Code   RO         4983    i.TIM_ARRPreloadConfig  stm32f4xx_tim.o
    0x0800aa18   0x00000018   Code   RO         4995    i.TIM_Cmd           stm32f4xx_tim.o
    0x0800aa30   0x00000012   Code   RO         4998    i.TIM_DMACmd        stm32f4xx_tim.o
    0x0800aa42   0x00000002   PAD
    0x0800aa44   0x00000190   Code   RO         5000    i.TIM_DeInit        stm32f4xx_tim.o
    0x0800abd4   0x0000007c   Code   RO         5024    i.TIM_OC1Init       stm32f4xx_tim.o
    0x0800ac50   0x00000012   Code   RO         5027    i.TIM_OC1PreloadConfig  stm32f4xx_tim.o
    0x0800ac62   0x00000002   PAD
    0x0800ac64   0x000000a4   Code   RO         5029    i.TIM_OC2Init       stm32f4xx_tim.o
    0x0800ad08   0x0000001a   Code   RO         5032    i.TIM_OC2PreloadConfig  stm32f4xx_tim.o
    0x0800ad22   0x00000002   PAD
    0x0800ad24   0x000000a0   Code   RO         5034    i.TIM_OC3Init       stm32f4xx_tim.o
    0x0800adc4   0x00000012   Code   RO         5037    i.TIM_OC3PreloadConfig  stm32f4xx_tim.o
    0x0800add6   0x00000004   Code   RO         5057    i.TIM_SetCompare1   stm32f4xx_tim.o
    0x0800adda   0x00000004   Code   RO         5058    i.TIM_SetCompare2   stm32f4xx_tim.o
    0x0800adde   0x00000004   Code   RO         5059    i.TIM_SetCompare3   stm32f4xx_tim.o
    0x0800ade2   0x00000002   PAD
    0x0800ade4   0x00000084   Code   RO         5067    i.TIM_TimeBaseInit  stm32f4xx_tim.o
    0x0800ae68   0x00000034   Code   RO         2989    i.USART1_IRQHandler  uart1.o
    0x0800ae9c   0x00000008   Code   RO         2873    i.USART2_IRQHandler  uart_syslink.o
    0x0800aea4   0x00000012   Code   RO         5541    i.USART_ClearFlag   stm32f4xx_usart.o
    0x0800aeb6   0x00000018   Code   RO         5545    i.USART_Cmd         stm32f4xx_usart.o
    0x0800aece   0x00000012   Code   RO         5546    i.USART_DMACmd      stm32f4xx_usart.o
    0x0800aee0   0x00000054   Code   RO         5549    i.USART_GetITStatus  stm32f4xx_usart.o
    0x0800af34   0x0000004a   Code   RO         5551    i.USART_ITConfig    stm32f4xx_usart.o
    0x0800af7e   0x00000002   PAD
    0x0800af80   0x000000d4   Code   RO         5552    i.USART_Init        stm32f4xx_usart.o
    0x0800b054   0x0000000a   Code   RO         5559    i.USART_ReceiveData  stm32f4xx_usart.o
    0x0800b05e   0x00000008   Code   RO         5562    i.USART_SendData    stm32f4xx_usart.o
    0x0800b066   0x00000016   Code   RO         7172    i.USBD_ClrCfg       usbd_core.o
    0x0800b07c   0x00000048   Code   RO         7337    i.USBD_ClrFeature   usbd_req.o
    0x0800b0c4   0x0000001e   Code   RO         7281    i.USBD_CtlContinueRx  usbd_ioreq.o
    0x0800b0e2   0x0000001e   Code   RO         7282    i.USBD_CtlContinueSendData  usbd_ioreq.o
    0x0800b100   0x0000001e   Code   RO         7338    i.USBD_CtlError     usbd_req.o
    0x0800b11e   0x0000002e   Code   RO         7283    i.USBD_CtlPrepareRx  usbd_ioreq.o
    0x0800b14c   0x00000024   Code   RO         7284    i.USBD_CtlReceiveStatus  usbd_ioreq.o
    0x0800b170   0x0000002e   Code   RO         7285    i.USBD_CtlSendData  usbd_ioreq.o
    0x0800b19e   0x00000024   Code   RO         7286    i.USBD_CtlSendStatus  usbd_ioreq.o
    0x0800b1c2   0x000000e8   Code   RO         7173    i.USBD_DataInStage  usbd_core.o
    0x0800b2aa   0x00000096   Code   RO         7174    i.USBD_DataOutStage  usbd_core.o
    0x0800b340   0x00000006   Code   RO         7175    i.USBD_DeInit       usbd_core.o
    0x0800b346   0x00000002   PAD
    0x0800b348   0x00000054   Code   RO         7339    i.USBD_GetConfig    usbd_req.o
    0x0800b39c   0x00000112   Code   RO         7340    i.USBD_GetDescriptor  usbd_req.o
    0x0800b4ae   0x00000014   Code   RO         7341    i.USBD_GetLen       usbd_req.o
    0x0800b4c2   0x00000002   PAD
    0x0800b4c4   0x00000050   Code   RO         7342    i.USBD_GetStatus    usbd_req.o
    0x0800b514   0x00000052   Code   RO         7343    i.USBD_GetString    usbd_req.o
    0x0800b566   0x00000042   Code   RO         7176    i.USBD_Init         usbd_core.o
    0x0800b5a8   0x00000012   Code   RO         7177    i.USBD_IsoINIncomplete  usbd_core.o
    0x0800b5ba   0x00000012   Code   RO         7178    i.USBD_IsoOUTIncomplete  usbd_core.o
    0x0800b5cc   0x000000e0   Code   RO         7100    i.USBD_OTG_ISR_Handler  usb_dcd_int.o
    0x0800b6ac   0x00000048   Code   RO         7344    i.USBD_ParseSetupRequest  usbd_req.o
    0x0800b6f4   0x00000032   Code   RO         7179    i.USBD_Reset        usbd_core.o
    0x0800b726   0x0000001e   Code   RO         7180    i.USBD_Resume       usbd_core.o
    0x0800b744   0x00000014   Code   RO         7181    i.USBD_RunTestMode  usbd_core.o
    0x0800b758   0x0000001a   Code   RO         7182    i.USBD_SOF          usbd_core.o
    0x0800b772   0x0000005c   Code   RO         7345    i.USBD_SetAddress   usbd_req.o
    0x0800b7ce   0x0000001e   Code   RO         7183    i.USBD_SetCfg       usbd_core.o
    0x0800b7ec   0x000000d0   Code   RO         7346    i.USBD_SetConfig    usbd_req.o
    0x0800b8bc   0x000000b0   Code   RO         7347    i.USBD_SetFeature   usbd_req.o
    0x0800b96c   0x00000054   Code   RO         7184    i.USBD_SetupStage   usbd_core.o
    0x0800b9c0   0x00000072   Code   RO         7348    i.USBD_StdDevReq    usbd_req.o
    0x0800ba32   0x00000002   PAD
    0x0800ba34   0x00000178   Code   RO         7349    i.USBD_StdEPReq     usbd_req.o
    0x0800bbac   0x0000004c   Code   RO         7350    i.USBD_StdItfReq    usbd_req.o
    0x0800bbf8   0x00000020   Code   RO         7185    i.USBD_Suspend      usbd_core.o
    0x0800bc18   0x00000034   Code   RO         7622    i.USBD_USR_ConfigStrDescriptor  usbd_desc.o
    0x0800bc4c   0x0000000c   Code   RO         7695    i.USBD_USR_DeviceConfigured  usbd_usr.o
    0x0800bc58   0x0000000c   Code   RO         7696    i.USBD_USR_DeviceConnected  usbd_usr.o
    0x0800bc64   0x00000010   Code   RO         7623    i.USBD_USR_DeviceDescriptor  usbd_desc.o
    0x0800bc74   0x0000000c   Code   RO         7697    i.USBD_USR_DeviceDisconnected  usbd_usr.o
    0x0800bc80   0x00000012   Code   RO         7698    i.USBD_USR_DeviceReset  usbd_usr.o
    0x0800bc92   0x00000002   Code   RO         7699    i.USBD_USR_DeviceResumed  usbd_usr.o
    0x0800bc94   0x0000000c   Code   RO         7700    i.USBD_USR_DeviceSuspended  usbd_usr.o
    0x0800bca0   0x00000002   Code   RO         7701    i.USBD_USR_Init     usbd_usr.o
    0x0800bca2   0x00000002   PAD
    0x0800bca4   0x00000038   Code   RO         7624    i.USBD_USR_InterfaceStrDescriptor  usbd_desc.o
    0x0800bcdc   0x00000010   Code   RO         7625    i.USBD_USR_LangIDStrDescriptor  usbd_desc.o
    0x0800bcec   0x0000002c   Code   RO         7626    i.USBD_USR_ManufacturerStrDescriptor  usbd_desc.o
    0x0800bd18   0x00000070   Code   RO         7627    i.USBD_USR_ProductStrDescriptor  usbd_desc.o
    0x0800bd88   0x00000018   Code   RO         7628    i.USBD_USR_SerialStrDescriptor  usbd_desc.o
    0x0800bda0   0x00000010   Code   RO         7436    i.USBD_cdc_GetCfgDesc  usbd_cdc_core.o
    0x0800bdb0   0x0000002c   Code   RO         7509    i.USB_OTG_BSP_EnableInterrupt  usb_bsp.o
    0x0800bddc   0x0000005c   Code   RO         7510    i.USB_OTG_BSP_Init  usb_bsp.o
    0x0800be38   0x00000012   Code   RO         7511    i.USB_OTG_BSP_mDelay  usb_bsp.o
    0x0800be4a   0x0000001e   Code   RO         7512    i.USB_OTG_BSP_uDelay  usb_bsp.o
    0x0800be68   0x00000126   Code   RO         6751    i.USB_OTG_CoreInit  usb_core.o
    0x0800bf8e   0x0000020e   Code   RO         6752    i.USB_OTG_CoreInitDev  usb_core.o
    0x0800c19c   0x00000070   Code   RO         6753    i.USB_OTG_CoreReset  usb_core.o
    0x0800c20c   0x00000022   Code   RO         6754    i.USB_OTG_DisableGlobalInt  usb_core.o
    0x0800c22e   0x00000074   Code   RO         6755    i.USB_OTG_EP0Activate  usb_core.o
    0x0800c2a2   0x00000156   Code   RO         6756    i.USB_OTG_EP0StartXfer  usb_core.o
    0x0800c3f8   0x00000062   Code   RO         6757    i.USB_OTG_EP0_OutStart  usb_core.o
    0x0800c45a   0x00000098   Code   RO         6758    i.USB_OTG_EPActivate  usb_core.o
    0x0800c4f2   0x00000050   Code   RO         6759    i.USB_OTG_EPClearStall  usb_core.o
    0x0800c542   0x0000005e   Code   RO         6760    i.USB_OTG_EPDeactivate  usb_core.o
    0x0800c5a0   0x00000064   Code   RO         6761    i.USB_OTG_EPSetStall  usb_core.o
    0x0800c604   0x000001fe   Code   RO         6762    i.USB_OTG_EPStartXfer  usb_core.o
    0x0800c802   0x00000034   Code   RO         6763    i.USB_OTG_EnableCommonInt  usb_core.o
    0x0800c836   0x0000009a   Code   RO         6764    i.USB_OTG_EnableDevInt  usb_core.o
    0x0800c8d0   0x00000022   Code   RO         6765    i.USB_OTG_EnableGlobalInt  usb_core.o
    0x0800c8f2   0x00000002   PAD
    0x0800c8f4   0x0000004c   Code   RO         6766    i.USB_OTG_FlushRxFifo  usb_core.o
    0x0800c940   0x00000054   Code   RO         6767    i.USB_OTG_FlushTxFifo  usb_core.o
    0x0800c994   0x00000038   Code   RO         6768    i.USB_OTG_GetDeviceSpeed  usb_core.o
    0x0800c9cc   0x0000000c   Code   RO         6770    i.USB_OTG_GetMode   usb_core.o
    0x0800c9d8   0x00000018   Code   RO         6771    i.USB_OTG_InitDevSpeed  usb_core.o
    0x0800c9f0   0x00000016   Code   RO         6772    i.USB_OTG_IsDeviceMode  usb_core.o
    0x0800ca06   0x00000010   Code   RO         6774    i.USB_OTG_ReadCoreItr  usb_core.o
    0x0800ca16   0x00000010   Code   RO         6775    i.USB_OTG_ReadDevAllInEPItr  usb_core.o
    0x0800ca26   0x00000010   Code   RO         6776    i.USB_OTG_ReadDevAllOutEp_itr  usb_core.o
    0x0800ca36   0x00000014   Code   RO         6777    i.USB_OTG_ReadDevOutEP_itr  usb_core.o
    0x0800ca4a   0x00000028   Code   RO         6779    i.USB_OTG_ReadPacket  usb_core.o
    0x0800ca72   0x00000002   PAD
    0x0800ca74   0x000000d0   Code   RO         6780    i.USB_OTG_SelectCore  usb_core.o
    0x0800cb44   0x0000004e   Code   RO         6781    i.USB_OTG_SetCurrentMode  usb_core.o
    0x0800cb92   0x00000040   Code   RO         6785    i.USB_OTG_WritePacket  usb_core.o
    0x0800cbd2   0x00000002   PAD
    0x0800cbd4   0x00000058   Code   RO         2795    i.UsageFault_Handler  nvic.o
    0x0800cc2c   0x000000a0   Code   RO         7547    i.VCP_Ctrl          usbd_cdc_vcp.o
    0x0800cccc   0x00000030   Code   RO         7548    i.VCP_DataRx        usbd_cdc_vcp.o
    0x0800ccfc   0x00000050   Code   RO         7549    i.VCP_DataTx        usbd_cdc_vcp.o
    0x0800cd4c   0x00000004   Code   RO         7550    i.VCP_DeInit        usbd_cdc_vcp.o
    0x0800cd50   0x00000004   Code   RO         7551    i.VCP_Init          usbd_cdc_vcp.o
    0x0800cd54   0x00000020   Code   RO         9568    i.__0printf         mc_w.l(printfa.o)
    0x0800cd74   0x00000030   Code   RO         9632    i.__ARM_fpclassify  m_wm.l(fpclassify.o)
    0x0800cda4   0x00000026   Code   RO         9634    i.__ARM_fpclassifyf  m_wm.l(fpclassifyf.o)
    0x0800cdca   0x00000002   PAD
    0x0800cdcc   0x0000012c   Code   RO         9214    i.__hardfp_asinf    m_wm.l(asinf.o)
    0x0800cef8   0x00000250   Code   RO         9226    i.__hardfp_atan2f   m_wm.l(atan2f.o)
    0x0800d148   0x00000150   Code   RO         9238    i.__hardfp_cosf     m_wm.l(cosf.o)
    0x0800d298   0x00000014   Code   RO         9250    i.__hardfp_fabs     m_wm.l(fabs.o)
    0x0800d2ac   0x00000004   PAD
    0x0800d2b0   0x00000c38   Code   RO         9256    i.__hardfp_pow      m_wm.l(pow.o)
    0x0800dee8   0x0000060c   Code   RO         9270    i.__hardfp_powf     m_wm.l(powf.o)
    0x0800e4f4   0x00000190   Code   RO         9284    i.__hardfp_sinf     m_wm.l(sinf.o)
    0x0800e684   0x0000003a   Code   RO         9296    i.__hardfp_sqrtf    m_wm.l(sqrtf.o)
    0x0800e6be   0x00000002   PAD
    0x0800e6c0   0x0000017c   Code   RO         9308    i.__hardfp_tanf     m_wm.l(tanf.o)
    0x0800e83c   0x000000f8   Code   RO         9650    i.__kernel_poly     m_wm.l(poly.o)
    0x0800e934   0x00000004   PAD
    0x0800e938   0x00000030   Code   RO         9618    i.__mathlib_dbl_divzero  m_wm.l(dunder.o)
    0x0800e968   0x00000014   Code   RO         9620    i.__mathlib_dbl_infnan2  m_wm.l(dunder.o)
    0x0800e97c   0x00000004   PAD
    0x0800e980   0x00000020   Code   RO         9621    i.__mathlib_dbl_invalid  m_wm.l(dunder.o)
    0x0800e9a0   0x00000020   Code   RO         9622    i.__mathlib_dbl_overflow  m_wm.l(dunder.o)
    0x0800e9c0   0x00000020   Code   RO         9624    i.__mathlib_dbl_underflow  m_wm.l(dunder.o)
    0x0800e9e0   0x00000014   Code   RO         9636    i.__mathlib_flt_divzero  m_wm.l(funder.o)
    0x0800e9f4   0x00000006   Code   RO         9637    i.__mathlib_flt_infnan  m_wm.l(funder.o)
    0x0800e9fa   0x00000006   Code   RO         9638    i.__mathlib_flt_infnan2  m_wm.l(funder.o)
    0x0800ea00   0x00000010   Code   RO         9639    i.__mathlib_flt_invalid  m_wm.l(funder.o)
    0x0800ea10   0x00000010   Code   RO         9640    i.__mathlib_flt_overflow  m_wm.l(funder.o)
    0x0800ea20   0x00000010   Code   RO         9642    i.__mathlib_flt_underflow  m_wm.l(funder.o)
    0x0800ea30   0x00000154   Code   RO         9653    i.__mathlib_rredf2  m_wm.l(rredf.o)
    0x0800eb84   0x0000000e   Code   RO         9718    i.__scatterload_copy  mc_w.l(handlers.o)
    0x0800eb92   0x00000002   Code   RO         9719    i.__scatterload_null  mc_w.l(handlers.o)
    0x0800eb94   0x0000000e   Code   RO         9720    i.__scatterload_zeroinit  mc_w.l(handlers.o)
    0x0800eba2   0x00000002   PAD
    0x0800eba4   0x0000000c   Code   RO         9694    i.__set_errno       mc_w.l(errno.o)
    0x0800ebb0   0x00000164   Code   RO         9575    i._fp_digits        mc_w.l(printfa.o)
    0x0800ed14   0x000006dc   Code   RO         9576    i._printf_core      mc_w.l(printfa.o)
    0x0800f3f0   0x00000024   Code   RO         9577    i._printf_post_padding  mc_w.l(printfa.o)
    0x0800f414   0x0000002e   Code   RO         9578    i._printf_pre_padding  mc_w.l(printfa.o)
    0x0800f442   0x00000002   PAD
    0x0800f444   0x000000a0   Code   RO         8615    i.altholdPID        position_pid.o
    0x0800f4e4   0x00000074   Code   RO         8402    i.anomalDetec       anomal_detec.o
    0x0800f558   0x00000034   Code   RO         8762    i.applyAxis3fLpf    sensors.o
    0x0800f58c   0x00000078   Code   RO         9091    i.assertFail        debug_assert.o
    0x0800f604   0x0000002c   Code   RO         7774    i.atkpCheckSum      atkp.o
    0x0800f630   0x00000060   Code   RO         7775    i.atkpInit          atkp.o
    0x0800f690   0x000000a0   Code   RO         8219    i.atkpPacketDispatch  radiolink.o
    0x0800f730   0x000009c0   Code   RO         7776    i.atkpReceiveAnl    atkp.o
    0x080100f0   0x00000084   Code   RO         7777    i.atkpReceivePacketBlocking  atkp.o
    0x08010174   0x00000020   Code   RO         7778    i.atkpRxAnlTask     atkp.o
    0x08010194   0x00000018   Code   RO         7779    i.atkpSendPacket    atkp.o
    0x080101ac   0x00000228   Code   RO         7780    i.atkpSendPeriod    atkp.o
    0x080103d4   0x00000012   Code   RO         7781    i.atkpTxTask        atkp.o
    0x080103e6   0x00000002   PAD
    0x080103e8   0x000000c4   Code   RO         8436    i.attitudeAnglePID  attitude_pid.o
    0x080104ac   0x00000118   Code   RO         8437    i.attitudeControlInit  attitude_pid.o
    0x080105c4   0x00000004   Code   RO         8438    i.attitudeControlTest  attitude_pid.o
    0x080105c8   0x0000044c   Code   RO         3192    i.attitudeInduceEffect  ledring12.o
    0x08010a14   0x000000f8   Code   RO         8439    i.attitudePIDwriteToConfigParam  attitude_pid.o
    0x08010b0c   0x00000080   Code   RO         8440    i.attitudeRatePID   attitude_pid.o
    0x08010b8c   0x00000040   Code   RO         8441    i.attitudeResetAllPID  attitude_pid.o
    0x08010bcc   0x000000c0   Code   RO         3193    i.binkLED           ledring12.o
    0x08010c8c   0x00000034   Code   RO         3194    i.blackEffect       ledring12.o
    0x08010cc0   0x000001a8   Code   RO          663    i.bmp280CompensateP  bmp280.o
    0x08010e68   0x00000048   Code   RO          664    i.bmp280CompensateT  bmp280.o
    0x08010eb0   0x000000ac   Code   RO          667    i.bmp280Init        bmp280.o
    0x08010f5c   0x000000b8   Code   RO          668    i.bmp280PressureToAltitude  bmp280.o
    0x08011014   0x00000128   Code   RO         3195    i.breathingLED      ledring12.o
    0x0801113c   0x000000b0   Code   RO         3196    i.colorSpinEffect   ledring12.o
    0x080111ec   0x000000c0   Code   RO         3197    i.colorTest         ledring12.o
    0x080112ac   0x00000020   Code   RO         7897    i.commInit          comm.o
    0x080112cc   0x00000014   Code   RO         7898    i.commTest          comm.o
    0x080112e0   0x00000028   Code   RO         7925    i.commanderDropToGround  commander.o
    0x08011308   0x000001d4   Code   RO         7926    i.commanderGetSetpoint  commander.o
    0x080114dc   0x00000070   Code   RO         7927    i.commanderLevelRPY  commander.o
    0x0801154c   0x00000026   Code   RO          406    i.configParamCksum  config_param.o
    0x08011572   0x00000002   PAD
    0x08011574   0x00000018   Code   RO          407    i.configParamGiveSemaphore  config_param.o
    0x0801158c   0x00000134   Code   RO          408    i.configParamInit   config_param.o
    0x080116c0   0x00000058   Code   RO          409    i.configParamTask   config_param.o
    0x08011718   0x0000000c   Code   RO          410    i.configParamTest   config_param.o
    0x08011724   0x0000004c   Code   RO         8107    i.consoleInit       console.o
    0x08011770   0x000000cc   Code   RO         8108    i.consolePutchar    console.o
    0x0801183c   0x00000044   Code   RO         8109    i.consolePutcharFromISR  console.o
    0x08011880   0x0000000c   Code   RO         8111    i.consoleTest       console.o
    0x0801188c   0x00000078   Code   RO         7928    i.ctrlDataCacheUpdate  commander.o
    0x08011904   0x00000088   Code   RO         9053    i.deadband          state_estimator.o
    0x0801198c   0x00000044   Code   RO          292    i.delay_init        delay.o
    0x080119d0   0x00000048   Code   RO          294    i.delay_us          delay.o
    0x08011a18   0x00000018   Code   RO          295    i.delay_xms         delay.o
    0x08011a30   0x000000cc   Code   RO         8403    i.detecFreeFall     anomal_detec.o
    0x08011afc   0x000000d4   Code   RO         8404    i.detecTumbled      anomal_detec.o
    0x08011bd0   0x00000200   Code   RO         8616    i.detecWeight       position_pid.o
    0x08011dd0   0x0000009c   Code   RO         3198    i.doubleSpinEffect  ledring12.o
    0x08011e6c   0x00000030   Code   RO         3289    i.expModuleDetect   module_mgt.o
    0x08011e9c   0x00000108   Code   RO          725    i.expModuleDriverInit  module_detect.o
    0x08011fa4   0x00000058   Code   RO         3290    i.expModuleMgtTask  module_mgt.o
    0x08011ffc   0x00000022   Code   RO         3291    i.expModulePower    module_mgt.o
    0x0801201e   0x00000002   PAD
    0x08012020   0x0000009c   Code   RO          783    i.extiInit          exti.o
    0x080120bc   0x00000018   Code   RO         9252    i.fabs              m_wm.l(fabs.o)
    0x080120d4   0x00000068   Code   RO         3139    i.fillLed           ws2812.o
    0x0801213c   0x00000028   Code   RO         3199    i.flashlight        ledring12.o
    0x08012164   0x000000a4   Code   RO         7929    i.flightCtrldataCache  commander.o
    0x08012208   0x000001a8   Code   RO         7930    i.flyerAutoLand     commander.o
    0x080123b0   0x00000510   Code   RO         8494    i.flyerFlipCheck    flip.o
    0x080128c0   0x00000010   Code   RO          361    i.fputc             usart.o
    0x080128d0   0x00000028   Code   RO         8941    i.getAttitudeData   stabilizer.o
    0x080128f8   0x0000000c   Code   RO         8942    i.getBaroData       stabilizer.o
    0x08012904   0x00000010   Code   RO         7931    i.getCommanderAltholdMode  commander.o
    0x08012914   0x00000010   Code   RO         7932    i.getCommanderKeyFlight  commander.o
    0x08012924   0x0000000c   Code   RO         8763    i.getIsBaroPresent  sensors.o
    0x08012930   0x0000000c   Code   RO         8943    i.getIsCalibPass    stabilizer.o
    0x0801293c   0x0000000c   Code   RO         8156    i.getIsLowpower     pm.o
    0x08012948   0x0000000c   Code   RO         8764    i.getIsMPU9250Present  sensors.o
    0x08012954   0x000000f8   Code   RO          726    i.getModuleDriverID  module_detect.o
    0x08012a4c   0x0000000c   Code   RO         3292    i.getModuleID       module_mgt.o
    0x08012a58   0x00000010   Code   RO         8677    i.getMotorPWM       power_control.o
    0x08012a68   0x00000020   Code   RO         8617    i.getPositionPIDZ   position_pid.o
    0x08012a88   0x0000000c   Code   RO         8944    i.getPositionZ      stabilizer.o
    0x08012a94   0x00000024   Code   RO         8034    i.getPrio           ledseq.o
    0x08012ab8   0x00000014   Code   RO         8945    i.getSensorData     stabilizer.o
    0x08012acc   0x00000030   Code   RO         8765    i.getSensorRawData  sensors.o
    0x08012afc   0x00000014   Code   RO         8946    i.getState          stabilizer.o
    0x08012b10   0x0000001c   Code   RO         2796    i.getSysTickCnt     nvic.o
    0x08012b2c   0x0000000c   Code   RO         7702    i.getusbConnectState  usbd_usr.o
    0x08012b38   0x0000015c   Code   RO         3200    i.gyroInduceEffect  ledring12.o
    0x08012c94   0x0000002c   Code   RO         1093    i.i2cNotifyClient   i2c_drv.o
    0x08012cc0   0x0000001e   Code   RO         1094    i.i2cTryNextMessage  i2c_drv.o
    0x08012cde   0x0000000e   Code   RO         1010    i.i2cdevInit        i2cdev.o
    0x08012cec   0x00000044   Code   RO         1011    i.i2cdevRead        i2cdev.o
    0x08012d30   0x00000054   Code   RO         1014    i.i2cdevReadBits    i2cdev.o
    0x08012d84   0x0000001a   Code   RO         1015    i.i2cdevReadByte    i2cdev.o
    0x08012d9e   0x00000044   Code   RO         1016    i.i2cdevWrite       i2cdev.o
    0x08012de2   0x00000050   Code   RO         1018    i.i2cdevWriteBit    i2cdev.o
    0x08012e32   0x00000064   Code   RO         1019    i.i2cdevWriteBits   i2cdev.o
    0x08012e96   0x0000001e   Code   RO         1020    i.i2cdevWriteByte   i2cdev.o
    0x08012eb4   0x0000003a   Code   RO         1095    i.i2cdrvClearDMA    i2c_drv.o
    0x08012eee   0x00000020   Code   RO         1096    i.i2cdrvCreateMessage  i2c_drv.o
    0x08012f0e   0x0000001c   Code   RO         1097    i.i2cdrvCreateMessageIntAddr  i2c_drv.o
    0x08012f2a   0x0000004a   Code   RO         1098    i.i2cdrvDmaIsrHandler  i2c_drv.o
    0x08012f74   0x00000068   Code   RO         1099    i.i2cdrvDmaSetupBus  i2c_drv.o
    0x08012fdc   0x00000094   Code   RO         1100    i.i2cdrvErrorIsrHandler  i2c_drv.o
    0x08013070   0x000001de   Code   RO         1101    i.i2cdrvEventIsrHandler  i2c_drv.o
    0x0801324e   0x0000000c   Code   RO         1102    i.i2cdrvInit        i2c_drv.o
    0x0801325a   0x0000014e   Code   RO         1103    i.i2cdrvInitBus     i2c_drv.o
    0x080133a8   0x0000005a   Code   RO         1104    i.i2cdrvMessageTransfer  i2c_drv.o
    0x08013402   0x0000001c   Code   RO         1105    i.i2cdrvRoughLoopDelay  i2c_drv.o
    0x0801341e   0x0000004e   Code   RO         1106    i.i2cdrvStartTransfer  i2c_drv.o
    0x0801346c   0x0000000c   Code   RO         1107    i.i2cdrvTryToRestartBus  i2c_drv.o
    0x08013478   0x000000dc   Code   RO         1108    i.i2cdrvdevUnlockBus  i2c_drv.o
    0x08013554   0x00000548   Code   RO         8730    i.imuUpdate         sensfusion6.o
    0x08013a9c   0x0000003c   Code   RO         8731    i.invSqrt           sensfusion6.o
    0x08013ad8   0x00000018   Code   RO         1213    i.ledClearAll       led.o
    0x08013af0   0x00000026   Code   RO         1214    i.ledFlashOne       led.o
    0x08013b16   0x00000002   PAD
    0x08013b18   0x0000007c   Code   RO         1215    i.ledInit           led.o
    0x08013b94   0x0000005c   Code   RO         1216    i.ledSet            led.o
    0x08013bf0   0x00000064   Code   RO         1218    i.ledTest           led.o
    0x08013c54   0x00000048   Code   RO         3201    i.ledring12Init     ledring12.o
    0x08013c9c   0x00000054   Code   RO         3202    i.ledring12Timer    ledring12.o
    0x08013cf0   0x0000000c   Code   RO         3203    i.ledringPowerControl  ledring12.o
    0x08013cfc   0x0000000c   Code   RO         8035    i.ledseqEnable      ledseq.o
    0x08013d08   0x000000b0   Code   RO         8036    i.ledseqInit        ledseq.o
    0x08013db8   0x00000070   Code   RO         8037    i.ledseqRun         ledseq.o
    0x08013e28   0x00000064   Code   RO         8039    i.ledseqStop        ledseq.o
    0x08013e8c   0x0000001c   Code   RO         8040    i.ledseqTest        ledseq.o
    0x08013ea8   0x00000018   Code   RO         8678    i.limitThrust       power_control.o
    0x08013ec0   0x0000003c   Code   RO         8618    i.limitThrustBase   position_pid.o
    0x08013efc   0x0000006e   Code   RO         9169    i.lpf2pApply        filter.o
    0x08013f6a   0x00000034   Code   RO         9170    i.lpf2pInit         filter.o
    0x08013f9e   0x00000002   PAD
    0x08013fa0   0x000000d4   Code   RO         9172    i.lpf2pSetCutoffFreq  filter.o
    0x08014074   0x00000038   Code   RO            3    i.main              main.o
    0x080140ac   0x00000140   Code   RO         1265    i.motorsInit        motors.o
    0x080141ec   0x00000118   Code   RO         1266    i.motorsSetRatio    motors.o
    0x08014304   0x00000040   Code   RO         1267    i.motorsTest        motors.o
    0x08014344   0x0000002c   Code   RO         1333    i.mpu6500GetDeviceID  mpu6500.o
    0x08014370   0x00000028   Code   RO         1435    i.mpu6500Init       mpu6500.o
    0x08014398   0x00000020   Code   RO         1438    i.mpu6500Reset      mpu6500.o
    0x080143b8   0x00000024   Code   RO         1447    i.mpu6500SetAccelDLPF  mpu6500.o
    0x080143dc   0x00000024   Code   RO         1454    i.mpu6500SetClockSource  mpu6500.o
    0x08014400   0x00000024   Code   RO         1456    i.mpu6500SetDLPFMode  mpu6500.o
    0x08014424   0x00000024   Code   RO         1468    i.mpu6500SetFullScaleAccelRange  mpu6500.o
    0x08014448   0x00000024   Code   RO         1469    i.mpu6500SetFullScaleGyroRange  mpu6500.o
    0x0801446c   0x00000020   Code   RO         1473    i.mpu6500SetI2CBypassEnabled  mpu6500.o
    0x0801448c   0x00000020   Code   RO         1474    i.mpu6500SetI2CMasterModeEnabled  mpu6500.o
    0x080144ac   0x00000020   Code   RO         1476    i.mpu6500SetIntDataReadyEnabled  mpu6500.o
    0x080144cc   0x00000020   Code   RO         1477    i.mpu6500SetIntEnabled  mpu6500.o
    0x080144ec   0x00000020   Code   RO         1484    i.mpu6500SetInterruptDrive  mpu6500.o
    0x0801450c   0x00000020   Code   RO         1485    i.mpu6500SetInterruptLatch  mpu6500.o
    0x0801452c   0x00000020   Code   RO         1486    i.mpu6500SetInterruptLatchClear  mpu6500.o
    0x0801454c   0x00000020   Code   RO         1487    i.mpu6500SetInterruptMode  mpu6500.o
    0x0801456c   0x00000024   Code   RO         1488    i.mpu6500SetMasterClockSpeed  mpu6500.o
    0x08014590   0x00000020   Code   RO         1493    i.mpu6500SetRate    mpu6500.o
    0x080145b0   0x00000024   Code   RO         1501    i.mpu6500SetSlave4MasterDelay  mpu6500.o
    0x080145d4   0x00000030   Code   RO         1505    i.mpu6500SetSlaveAddress  mpu6500.o
    0x08014604   0x00000034   Code   RO         1506    i.mpu6500SetSlaveDataLength  mpu6500.o
    0x08014638   0x00000024   Code   RO         1507    i.mpu6500SetSlaveDelayEnabled  mpu6500.o
    0x0801465c   0x00000030   Code   RO         1508    i.mpu6500SetSlaveEnabled  mpu6500.o
    0x0801468c   0x00000020   Code   RO         1510    i.mpu6500SetSlaveReadWriteTransitionEnabled  mpu6500.o
    0x080146ac   0x00000030   Code   RO         1511    i.mpu6500SetSlaveRegister  mpu6500.o
    0x080146dc   0x00000020   Code   RO         1515    i.mpu6500SetSleepEnabled  mpu6500.o
    0x080146fc   0x00000024   Code   RO         1523    i.mpu6500SetTempSensorEnabled  mpu6500.o
    0x08014720   0x00000020   Code   RO         1524    i.mpu6500SetWaitForExternalSensorEnabled  mpu6500.o
    0x08014740   0x0000000e   Code   RO          727    i.my_abs            module_detect.o
    0x0801474e   0x00000002   PAD
    0x08014750   0x00000018   Code   RO         2797    i.nvicInit          nvic.o
    0x08014768   0x00000068   Code   RO         8524    i.pidInit           pid.o
    0x080147d0   0x00000040   Code   RO         8442    i.pidOutLimit       attitude_pid.o
    0x08014810   0x00000028   Code   RO         8526    i.pidReset          pid.o
    0x08014838   0x00000006   Code   RO         8530    i.pidSetIntegralLimit  pid.o
    0x0801483e   0x000000b8   Code   RO         8535    i.pidUpdate         pid.o
    0x080148f6   0x00000002   PAD
    0x080148f8   0x0000000c   Code   RO         8157    i.pmGetBatteryVoltage  pm.o
    0x08014904   0x0000003c   Code   RO         8158    i.pmInit            pm.o
    0x08014940   0x0000003c   Code   RO         8159    i.pmSetBatteryVoltage  pm.o
    0x0801497c   0x00000024   Code   RO         8160    i.pmSyslinkUpdate   pm.o
    0x080149a0   0x00000110   Code   RO         8161    i.pmTask            pm.o
    0x08014ab0   0x0000000c   Code   RO         8162    i.pmTest            pm.o
    0x08014abc   0x00000050   Code   RO         8163    i.pmUpdateState     pm.o
    0x08014b0c   0x00000094   Code   RO         8619    i.positionControlInit  position_pid.o
    0x08014ba0   0x00000078   Code   RO         9054    i.positionEstimate  state_estimator.o
    0x08014c18   0x00000020   Code   RO         8620    i.positionResetAllPID  position_pid.o
    0x08014c38   0x00000178   Code   RO         8679    i.powerControl      power_control.o
    0x08014db0   0x00000008   Code   RO         8680    i.powerControlInit  power_control.o
    0x08014db8   0x0000000e   Code   RO         8681    i.powerControlTest  power_control.o
    0x08014dc6   0x00000002   PAD
    0x08014dc8   0x00000064   Code   RO         9092    i.printAssertSnapshotData  debug_assert.o
    0x08014e2c   0x000001b0   Code   RO         2798    i.printHardFault    nvic.o
    0x08014fdc   0x00000184   Code   RO         8766    i.processAccGyroMeasurements  sensors.o
    0x08015160   0x000000dc   Code   RO         8767    i.processAccScale   sensors.o
    0x0801523c   0x000000a4   Code   RO         8768    i.processBarometerMeasurements  sensors.o
    0x080152e0   0x0000005c   Code   RO         8769    i.processGyroBias   sensors.o
    0x0801533c   0x00000080   Code   RO         8770    i.processMagnetometerMeasurements  sensors.o
    0x080153bc   0x00000098   Code   RO         6096    i.prvAddCurrentTaskToDelayedList  tasks.o
    0x08015454   0x000000b8   Code   RO         6097    i.prvAddNewTaskToReadyList  tasks.o
    0x0801550c   0x00000064   Code   RO         6488    i.prvCheckForValidListAndQueue  timers.o
    0x08015570   0x00000064   Code   RO         6098    i.prvCheckTasksWaitingTermination  tasks.o
    0x080155d4   0x0000002a   Code   RO         5843    i.prvCopyDataFromQueue  queue.o
    0x080155fe   0x0000007c   Code   RO         5844    i.prvCopyDataToQueue  queue.o
    0x0801567a   0x00000012   Code   RO         6099    i.prvDeleteTCB      tasks.o
    0x0801568c   0x00000028   Code   RO         6489    i.prvGetNextExpireTime  timers.o
    0x080156b4   0x0000007c   Code   RO         6693    i.prvHeapInit       heap_4.o
    0x08015730   0x0000000c   Code   RO         6100    i.prvIdleTask       tasks.o
    0x0801573c   0x0000001c   Code   RO         5845    i.prvInitialiseMutex  queue.o
    0x08015758   0x0000002e   Code   RO         5846    i.prvInitialiseNewQueue  queue.o
    0x08015786   0x00000092   Code   RO         6101    i.prvInitialiseNewTask  tasks.o
    0x08015818   0x0000002e   Code   RO         6490    i.prvInitialiseNewTimer  timers.o
    0x08015846   0x00000002   PAD
    0x08015848   0x00000068   Code   RO         6102    i.prvInitialiseTaskLists  tasks.o
    0x080158b0   0x00000068   Code   RO         6694    i.prvInsertBlockIntoFreeList  heap_4.o
    0x08015918   0x00000058   Code   RO         6491    i.prvInsertTimerInActiveList  timers.o
    0x08015970   0x0000001a   Code   RO         5847    i.prvIsQueueEmpty   queue.o
    0x0801598a   0x0000001e   Code   RO         5848    i.prvIsQueueFull    queue.o
    0x080159a8   0x00000052   Code   RO         5849    i.prvNotifyQueueSetContainer  queue.o
    0x080159fa   0x00000002   PAD
    0x080159fc   0x0000004c   Code   RO         6492    i.prvProcessExpiredTimer  timers.o
    0x08015a48   0x000000bc   Code   RO         6493    i.prvProcessReceivedCommands  timers.o
    0x08015b04   0x00000074   Code   RO         6494    i.prvProcessTimerOrBlockTask  timers.o
    0x08015b78   0x00000034   Code   RO         6104    i.prvResetNextTaskUnblockTime  tasks.o
    0x08015bac   0x0000002c   Code   RO         6495    i.prvSampleTimeNow  timers.o
    0x08015bd8   0x00000084   Code   RO         6496    i.prvSwitchTimerLists  timers.o
    0x08015c5c   0x00000016   Code   RO         6615    i.prvTaskExitError  port.o
    0x08015c72   0x0000001a   Code   RO         6497    i.prvTimerTask      timers.o
    0x08015c8c   0x00000092   Code   RO         5850    i.prvUnlockQueue    queue.o
    0x08015d1e   0x00000002   PAD
    0x08015d20   0x000000dc   Code   RO         6695    i.pvPortMalloc      heap_4.o
    0x08015dfc   0x00000020   Code   RO         6108    i.pvTaskIncrementMutexHeldCount  tasks.o
    0x08015e1c   0x00000014   Code   RO         6498    i.pvTimerGetTimerID  timers.o
    0x08015e30   0x0000002c   Code   RO         6616    i.pxPortInitialiseStack  port.o
    0x08015e5c   0x00000014   Code   RO         8220    i.radiolinkGetFreeTxQueuePackets  radiolink.o
    0x08015e70   0x00000068   Code   RO         8221    i.radiolinkInit     radiolink.o
    0x08015ed8   0x00000084   Code   RO         8222    i.radiolinkSendPacket  radiolink.o
    0x08015f5c   0x00000084   Code   RO         8223    i.radiolinkSendPacketBlocking  radiolink.o
    0x08015fe0   0x00000134   Code   RO         8224    i.radiolinkTask     radiolink.o
    0x08016114   0x00000006   Code   RO         1268    i.ratioToCCRx       motors.o
    0x0801611a   0x00000002   PAD
    0x0801611c   0x000000b0   Code   RO         3204    i.redSpinEffect     ledring12.o
    0x080161cc   0x000000fc   Code   RO         8276    i.remoterCtrlProcess  remoter_ctrl.o
    0x080162c8   0x00000034   Code   RO          411    i.resetConfigParamPID  config_param.o
    0x080162fc   0x00000064   Code   RO         7935    i.rotateYawCarefree  commander.o
    0x08016360   0x00000114   Code   RO         8041    i.runLedseq         ledseq.o
    0x08016474   0x000000a8   Code   RO         8621    i.runPidZ           position_pid.o
    0x0801651c   0x00000026   Code   RO         7782    i.sendCheck         atkp.o
    0x08016542   0x000000f4   Code   RO         7783    i.sendMotorPWM      atkp.o
    0x08016636   0x00000002   PAD
    0x08016638   0x00000068   Code   RO         8277    i.sendMsgACK        remoter_ctrl.o
    0x080166a0   0x00000206   Code   RO         7784    i.sendPid           atkp.o
    0x080168a6   0x00000046   Code   RO         7785    i.sendPower         atkp.o
    0x080168ec   0x00000134   Code   RO         7786    i.sendRCData        atkp.o
    0x08016a20   0x0000016a   Code   RO         7787    i.sendSenser        atkp.o
    0x08016b8a   0x0000005a   Code   RO         7788    i.sendSenser2       atkp.o
    0x08016be4   0x00000110   Code   RO         7789    i.sendStatus        atkp.o
    0x08016cf4   0x00000026   Code   RO         8771    i.sensorsAcquire    sensors.o
    0x08016d1a   0x0000002e   Code   RO         8772    i.sensorsAddBiasValue  sensors.o
    0x08016d48   0x0000000c   Code   RO         8773    i.sensorsAreCalibrated  sensors.o
    0x08016d54   0x0000000c   Code   RO         8774    i.sensorsBiasObjInit  sensors.o
    0x08016d60   0x000001c8   Code   RO         8775    i.sensorsCalculateVarianceAndMean  sensors.o
    0x08016f28   0x00000178   Code   RO         8776    i.sensorsDeviceInit  sensors.o
    0x080170a0   0x00000080   Code   RO         8777    i.sensorsFindBiasValue  sensors.o
    0x08017120   0x0000003c   Code   RO         8778    i.sensorsInit       sensors.o
    0x0801715c   0x00000064   Code   RO         8779    i.sensorsInterruptInit  sensors.o
    0x080171c0   0x00000020   Code   RO         8780    i.sensorsReadAcc    sensors.o
    0x080171e0   0x00000020   Code   RO         8781    i.sensorsReadBaro   sensors.o
    0x08017200   0x00000020   Code   RO         8782    i.sensorsReadGyro   sensors.o
    0x08017220   0x00000020   Code   RO         8783    i.sensorsReadMag    sensors.o
    0x08017240   0x000000a0   Code   RO         8784    i.sensorsSetupSlaveRead  sensors.o
    0x080172e0   0x000000fc   Code   RO         8785    i.sensorsTask       sensors.o
    0x080173dc   0x00000014   Code   RO         7936    i.setCommanderAltholdMode  commander.o
    0x080173f0   0x00000014   Code   RO         7937    i.setCommanderEmerStop  commander.o
    0x08017404   0x00000014   Code   RO         7938    i.setCommanderFlightmode  commander.o
    0x08017418   0x00000014   Code   RO         7939    i.setCommanderKeyFlight  commander.o
    0x0801742c   0x00000014   Code   RO         7940    i.setCommanderKeyland  commander.o
    0x08017440   0x0000000c   Code   RO         8495    i.setFlipDir        flip.o
    0x0801744c   0x00000020   Code   RO         3140    i.setHeadlightsOn   ws2812.o
    0x0801746c   0x0000000c   Code   RO         3205    i.setLedringEffect  ledring12.o
    0x08017478   0x0000001c   Code   RO         8682    i.setMotorPWM       power_control.o
    0x08017494   0x00000028   Code   RO         8622    i.setPositionPIDZ   position_pid.o
    0x080174bc   0x000000d8   Code   RO         3206    i.spinEffect2       ledring12.o
    0x08017594   0x0000006e   Code   RO         9658    i.sqrt              m_wm.l(sqrt.o)
    0x08017602   0x0000003e   Code   RO         9298    i.sqrtf             m_wm.l(sqrtf.o)
    0x08017640   0x00000020   Code   RO         8947    i.stabilizerInit    stabilizer.o
    0x08017660   0x0000009c   Code   RO         8948    i.stabilizerTask    stabilizer.o
    0x080176fc   0x00000014   Code   RO         8949    i.stabilizerTest    stabilizer.o
    0x08017710   0x000001c8   Code   RO            4    i.startTask         main.o
    0x080178d8   0x000001a8   Code   RO         9018    i.stateControl      state_control.o
    0x08017a80   0x0000000c   Code   RO         9019    i.stateControlInit  state_control.o
    0x08017a8c   0x0000000e   Code   RO         9020    i.stateControlTest  state_control.o
    0x08017a9a   0x00000002   PAD
    0x08017a9c   0x00000060   Code   RO         9055    i.stateEstimateVelocityZ  state_estimator.o
    0x08017afc   0x0000005c   Code   RO         9056    i.stateEstimator    state_estimator.o
    0x08017b58   0x00000018   Code   RO         9093    i.storeAssertSnapshotData  debug_assert.o
    0x08017b70   0x000000a4   Code   RO         3050    i.systemInit        system.o
    0x08017c14   0x0000002c   Code   RO         3051    i.systemTest        system.o
    0x08017c40   0x00000028   Code   RO         2990    i.uart1GetDataWithTimout  uart1.o
    0x08017c68   0x000000f4   Code   RO         2992    i.uart1Init         uart1.o
    0x08017d5c   0x000000a4   Code   RO         8225    i.uartSendPacket    radiolink.o
    0x08017e00   0x00000078   Code   RO         2874    i.uartslkDmaInit    uart_syslink.o
    0x08017e78   0x00000050   Code   RO         2875    i.uartslkDmaIsr     uart_syslink.o
    0x08017ec8   0x00000028   Code   RO         2876    i.uartslkGetDataWithTimout  uart_syslink.o
    0x08017ef0   0x000001b8   Code   RO         2877    i.uartslkInit       uart_syslink.o
    0x080180a8   0x00000098   Code   RO         2878    i.uartslkIsr        uart_syslink.o
    0x08018140   0x00000054   Code   RO         2879    i.uartslkPauseDma   uart_syslink.o
    0x08018194   0x00000064   Code   RO         2881    i.uartslkResumeDma  uart_syslink.o
    0x080181f8   0x000000a4   Code   RO         2883    i.uartslkSendDataDmaBlocking  uart_syslink.o
    0x0801829c   0x00000024   Code   RO         2886    i.uartslkTxenFlowctrlIsr  uart_syslink.o
    0x080182c0   0x00000048   Code   RO         8042    i.updateActive      ledseq.o
    0x08018308   0x00000028   Code   RO         7552    i.usbGetDataWithTimout  usbd_cdc_vcp.o
    0x08018330   0x000000b0   Code   RO         7437    i.usbd_cdc_DataIn   usbd_cdc_core.o
    0x080183e0   0x00000038   Code   RO         7438    i.usbd_cdc_DataOut  usbd_cdc_core.o
    0x08018418   0x0000002c   Code   RO         7439    i.usbd_cdc_DeInit   usbd_cdc_core.o
    0x08018444   0x00000038   Code   RO         7440    i.usbd_cdc_EP0_RxReady  usbd_cdc_core.o
    0x0801847c   0x00000058   Code   RO         7441    i.usbd_cdc_Init     usbd_cdc_core.o
    0x080184d4   0x00000028   Code   RO         7442    i.usbd_cdc_SOF      usbd_cdc_core.o
    0x080184fc   0x000000c4   Code   RO         7443    i.usbd_cdc_Setup    usbd_cdc_core.o
    0x080185c0   0x00000038   Code   RO         7553    i.usbd_cdc_vcp_Init  usbd_cdc_vcp.o
    0x080185f8   0x00000068   Code   RO         8306    i.usblinkInit       usblink.o
    0x08018660   0x00000144   Code   RO         8307    i.usblinkRxTask     usblink.o
    0x080187a4   0x00000084   Code   RO         8308    i.usblinkSendPacket  usblink.o
    0x08018828   0x0000007c   Code   RO         8309    i.usblinkTxTask     usblink.o
    0x080188a4   0x00000018   Code   RO         7554    i.usbsendData       usbd_cdc_vcp.o
    0x080188bc   0x00000028   Code   RO         5785    i.uxListRemove      list.o
    0x080188e4   0x00000012   Code   RO         5853    i.uxQueueMessagesWaiting  queue.o
    0x080188f6   0x00000002   PAD
    0x080188f8   0x00000024   Code   RO            5    i.vApplicationIdleHook  main.o
    0x0801891c   0x00000040   Code   RO         9134    i.vApplicationMallocFailedHook  freertosdebug.o
    0x0801895c   0x0000001a   Code   RO         5786    i.vListInitialise   list.o
    0x08018976   0x00000006   Code   RO         5787    i.vListInitialiseItem  list.o
    0x0801897c   0x00000034   Code   RO         5788    i.vListInsert       list.o
    0x080189b0   0x00000018   Code   RO         5789    i.vListInsertEnd    list.o
    0x080189c8   0x00000024   Code   RO         6618    i.vPortEnterCritical  port.o
    0x080189ec   0x00000020   Code   RO         6619    i.vPortExitCritical  port.o
    0x08018a0c   0x00000048   Code   RO         6696    i.vPortFree         heap_4.o
    0x08018a54   0x00000014   Code   RO         6620    i.vPortSetupTimerInterrupt  port.o
    0x08018a68   0x0000002c   Code   RO         5856    i.vQueueAddToRegistry  queue.o
    0x08018a94   0x0000004a   Code   RO         5860    i.vQueueWaitForMessageRestricted  queue.o
    0x08018ade   0x00000002   PAD
    0x08018ae0   0x00000034   Code   RO         6117    i.vTaskDelay        tasks.o
    0x08018b14   0x00000074   Code   RO         6118    i.vTaskDelayUntil   tasks.o
    0x08018b88   0x000000cc   Code   RO         6119    i.vTaskDelete       tasks.o
    0x08018c54   0x0000000c   Code   RO         6123    i.vTaskMissedYield  tasks.o
    0x08018c60   0x00000020   Code   RO         6125    i.vTaskPlaceOnEventList  tasks.o
    0x08018c80   0x00000028   Code   RO         6126    i.vTaskPlaceOnEventListRestricted  tasks.o
    0x08018ca8   0x000000b0   Code   RO         6128    i.vTaskPriorityInherit  tasks.o
    0x08018d58   0x00000018   Code   RO         6133    i.vTaskSetTimeOutState  tasks.o
    0x08018d70   0x00000070   Code   RO         6134    i.vTaskStartScheduler  tasks.o
    0x08018de0   0x00000010   Code   RO         6136    i.vTaskSuspendAll   tasks.o
    0x08018df0   0x00000060   Code   RO         6137    i.vTaskSwitchContext  tasks.o
    0x08018e50   0x00000054   Code   RO         3113    i.watchdogInit      watchdog.o
    0x08018ea4   0x00000058   Code   RO         3114    i.watchdogTest      watchdog.o
    0x08018efc   0x00000080   Code   RO         8352    i.wifiCmdProcess    wifi_ctrl.o
    0x08018f7c   0x00000024   Code   RO         8353    i.wifiDataCrc       wifi_ctrl.o
    0x08018fa0   0x000000f4   Code   RO         8354    i.wifiDataHandle    wifi_ctrl.o
    0x08019094   0x000000c0   Code   RO         8355    i.wifiLinkTask      wifi_ctrl.o
    0x08019154   0x00000044   Code   RO         8356    i.wifiModuleInit    wifi_ctrl.o
    0x08019198   0x00000018   Code   RO         8357    i.wifiPowerControl  wifi_ctrl.o
    0x080191b0   0x000000e8   Code   RO         3141    i.ws2812DmaIsr      ws2812.o
    0x08019298   0x0000019c   Code   RO         3142    i.ws2812Init        ws2812.o
    0x08019434   0x00000020   Code   RO         3143    i.ws2812PowerControl  ws2812.o
    0x08019454   0x00000098   Code   RO         3144    i.ws2812Send        ws2812.o
    0x080194ec   0x0000000c   Code   RO         6698    i.xPortGetFreeHeapSize  heap_4.o
    0x080194f8   0x00000048   Code   RO         6621    i.xPortStartScheduler  port.o
    0x08019540   0x00000034   Code   RO         6622    i.xPortSysTickHandler  port.o
    0x08019574   0x00000022   Code   RO         5863    i.xQueueCreateMutex  queue.o
    0x08019596   0x00000038   Code   RO         5865    i.xQueueGenericCreate  queue.o
    0x080195ce   0x00000002   PAD
    0x080195d0   0x0000015c   Code   RO         5866    i.xQueueGenericReceive  queue.o
    0x0801972c   0x00000080   Code   RO         5867    i.xQueueGenericReset  queue.o
    0x080197ac   0x00000138   Code   RO         5868    i.xQueueGenericSend  queue.o
    0x080198e4   0x0000009c   Code   RO         5869    i.xQueueGenericSendFromISR  queue.o
    0x08019980   0x0000008e   Code   RO         5870    i.xQueueGiveFromISR  queue.o
    0x08019a0e   0x00000082   Code   RO         5875    i.xQueueReceiveFromISR  queue.o
    0x08019a90   0x0000005c   Code   RO         6139    i.xTaskCheckForTimeOut  tasks.o
    0x08019aec   0x00000060   Code   RO         6140    i.xTaskCreate       tasks.o
    0x08019b4c   0x00000020   Code   RO         6145    i.xTaskGetSchedulerState  tasks.o
    0x08019b6c   0x0000000c   Code   RO         6146    i.xTaskGetTickCount  tasks.o
    0x08019b78   0x0000011c   Code   RO         6148    i.xTaskIncrementTick  tasks.o
    0x08019c94   0x00000084   Code   RO         6151    i.xTaskPriorityDisinherit  tasks.o
    0x08019d18   0x00000080   Code   RO         6152    i.xTaskRemoveFromEventList  tasks.o
    0x08019d98   0x000000e8   Code   RO         6154    i.xTaskResumeAll    tasks.o
    0x08019e80   0x00000030   Code   RO         6500    i.xTimerCreate      timers.o
    0x08019eb0   0x0000003c   Code   RO         6501    i.xTimerCreateTimerTask  timers.o
    0x08019eec   0x0000006c   Code   RO         6502    i.xTimerGenericCommand  timers.o
    0x08019f58   0x00000050   Data   RO         1109    .constdata          i2c_drv.o
    0x08019fa8   0x00000010   Data   RO         1270    .constdata          motors.o
    0x08019fb8   0x00000072   Data   RO         3208    .constdata          ledring12.o
    0x0801a02a   0x00000002   PAD
    0x0801a02c   0x00000080   Data   RO         8044    .constdata          ledseq.o
    0x0801a0ac   0x00000005   Data   RO         8113    .constdata          console.o
    0x0801a0b1   0x00000007   PAD
    0x0801a0b8   0x00000088   Data   RO         9259    .constdata          m_wm.l(pow.o)
    0x0801a140   0x00000140   Data   RO         9273    .constdata          m_wm.l(powf.o)
    0x0801a280   0x00000008   Data   RO         9652    .constdata          m_wm.l(qnan.o)
    0x0801a288   0x00000020   Data   RO         9654    .constdata          m_wm.l(rredf.o)
    0x0801a2a8   0x00000001   Data   RO         9094    .conststrlit        debug_assert.o
    0x0801a2a9   0x00000003   PAD
    0x0801a2ac   0x00000020   Data   RO         9716    Region$$Table       anon$$obj.o


    Execution Region RW_IRAM1 (Base: 0x20000000, Size: 0x0000ae68, Max: 0x00020000, ABSOLUTE, COMPRESSED[0x000001e0])

    Base Addr    Size         Type   Attr      Idx    E Section Name        Object

    0x20000000   0x00000008   Data   RW            6    .data               main.o
    0x20000008   0x00000006   Data   RW          296    .data               delay.o
    0x2000000e   0x00000002   PAD
    0x20000010   0x00000006   Data   RW          364    .data               usart.o
    0x20000016   0x00000002   PAD
    0x20000018   0x00000080   Data   RW          413    .data               config_param.o
    0x20000098   0x00000020   Data   RW          671    .data               bmp280.o
    0x200000b8   0x00000009   Data   RW          729    .data               module_detect.o
    0x200000c1   0x00000005   Data   RW          785    .data               exti.o
    0x200000c6   0x00000002   PAD
    0x200000c8   0x00000064   Data   RW         1110    .data               i2c_drv.o
    0x2000012c   0x00000040   Data   RW         1219    .data               led.o
    0x2000016c   0x00000001   Data   RW         1271    .data               motors.o
    0x2000016d   0x00000003   PAD
    0x20000170   0x00000009   Data   RW         1540    .data               mpu6500.o
    0x20000179   0x00000003   PAD
    0x2000017c   0x00000004   Data   RW         2799    .data               nvic.o
    0x20000180   0x00000021   Data   RW         2888    .data               uart_syslink.o
    0x200001a1   0x00000003   PAD
    0x200001a4   0x00000008   Data   RW         2996    .data               uart1.o
    0x200001ac   0x00000010   Data   RW         3146    .data               ws2812.o
    0x200001bc   0x00000074   Data   RW         3209    .data               ledring12.o
    0x20000230   0x00000005   Data   RW         3293    .data               module_mgt.o
    0x20000235   0x00000010   Data   RW         4534    .data               stm32f4xx_rcc.o
    0x20000245   0x00000003   PAD
    0x20000248   0x0000003c   Data   RW         6157    .data               tasks.o
    0x20000284   0x00000014   Data   RW         6508    .data               timers.o
    0x20000298   0x00000004   Data   RW         6623    .data               port.o
    0x2000029c   0x00000018   Data   RW         6701    .data               heap_4.o
    0x200002b4   0x00000034   Data   RW         7186    .data               usbd_core.o
    0x200002e8   0x0000000d   Data   RW         7351    .data               usbd_req.o
    0x200002f5   0x00000003   PAD
    0x200002f8   0x00000098   Data   RW         7445    .data               usbd_cdc_core.o
    0x20000390   0x00000024   Data   RW         7556    .data               usbd_cdc_vcp.o
    0x200003b4   0x00000056   Data   RW         7630    .data               usbd_desc.o
    0x2000040a   0x00000002   PAD
    0x2000040c   0x00000020   Data   RW         7703    .data               usbd_usr.o
    0x2000042c   0x00000012   Data   RW         7790    .data               atkp.o
    0x2000043e   0x00000001   Data   RW         7899    .data               comm.o
    0x2000043f   0x00000001   PAD
    0x20000440   0x00000016   Data   RW         7942    .data               commander.o
    0x20000456   0x00000002   PAD
    0x20000458   0x00000020   Data   RW         8045    .data               ledseq.o
    0x20000478   0x00000005   Data   RW         8114    .data               console.o
    0x2000047d   0x00000003   PAD
    0x20000480   0x00000018   Data   RW         8164    .data               pm.o
    0x20000498   0x00000008   Data   RW         8227    .data               radiolink.o
    0x200004a0   0x00000006   Data   RW         8279    .data               remoter_ctrl.o
    0x200004a6   0x00000002   PAD
    0x200004a8   0x00000008   Data   RW         8311    .data               usblink.o
    0x200004b0   0x0000000a   Data   RW         8359    .data               wifi_ctrl.o
    0x200004ba   0x00000007   Data   RW         8405    .data               anomal_detec.o
    0x200004c1   0x00000003   PAD
    0x200004c4   0x00000028   Data   RW         8496    .data               flip.o
    0x200004ec   0x0000000c   Data   RW         8624    .data               position_pid.o
    0x200004f8   0x00000001   Data   RW         8684    .data               power_control.o
    0x200004f9   0x00000003   PAD
    0x200004fc   0x00000040   Data   RW         8732    .data               sensfusion6.o
    0x2000053c   0x00000048   Data   RW         8788    .data               sensors.o
    0x20000584   0x00000002   Data   RW         8951    .data               stabilizer.o
    0x20000586   0x00000002   PAD
    0x20000588   0x00000006   Data   RW         9022    .data               state_control.o
    0x2000058e   0x00000002   PAD
    0x20000590   0x00000020   Data   RW         9057    .data               state_estimator.o
    0x200005b0   0x00000004   Data   RW         9695    .data               mc_w.l(errno.o)
    0x200005b4   0x0000000c   Data   RW         9095    .nzds               debug_assert.o
    0x200005c0   0x00000074   Zero   RW          412    .bss                config_param.o
    0x20000634   0x00000030   Zero   RW          670    .bss                bmp280.o
    0x20000664   0x00000014   Zero   RW          728    .bss                module_detect.o
    0x20000678   0x00000010   Zero   RW         1269    .bss                motors.o
    0x20000688   0x0000001e   Zero   RW         1538    .bss                mpu6500.o
    0x200006a6   0x00000002   PAD
    0x200006a8   0x0000007c   Zero   RW         2887    .bss                uart_syslink.o
    0x20000724   0x00000060   Zero   RW         3145    .bss                ws2812.o
    0x20000784   0x00000100   Zero   RW         3207    .bss                ledring12.o
    0x20000884   0x00000050   Zero   RW         5880    .bss                queue.o
    0x200008d4   0x0000012c   Zero   RW         6156    .bss                tasks.o
    0x20000a00   0x00000028   Zero   RW         6507    .bss                timers.o
    0x20000a28   0x00007800   Zero   RW         6700    .bss                heap_4.o
    0x20008228   0x00000283   Zero   RW         7444    .bss                usbd_cdc_core.o
    0x200084ab   0x00000001   PAD
    0x200084ac   0x000006bc   Zero   RW         7555    .bss                usbd_cdc_vcp.o
    0x20008b68   0x000000ff   Zero   RW         7629    .bss                usbd_desc.o
    0x20008c67   0x00000001   PAD
    0x20008c68   0x00000068   Zero   RW         7941    .bss                commander.o
    0x20008cd0   0x000000a0   Zero   RW         8043    .bss                ledseq.o
    0x20008d70   0x00000020   Zero   RW         8112    .bss                console.o
    0x20008d90   0x00000040   Zero   RW         8226    .bss                radiolink.o
    0x20008dd0   0x00000016   Zero   RW         8278    .bss                remoter_ctrl.o
    0x20008de6   0x00000020   Zero   RW         8310    .bss                usblink.o
    0x20008e06   0x00000016   Zero   RW         8358    .bss                wifi_ctrl.o
    0x20008e1c   0x00000150   Zero   RW         8443    .bss                attitude_pid.o
    0x20008f6c   0x000000c4   Zero   RW         8623    .bss                position_pid.o
    0x20009030   0x00000020   Zero   RW         8683    .bss                power_control.o
    0x20009050   0x00001925   Zero   RW         8787    .bss                sensors.o
    0x2000a975   0x00000003   PAD
    0x2000a978   0x000000cc   Zero   RW         8950    .bss                stabilizer.o
    0x2000aa44   0x00000020   Zero   RW         9021    .bss                state_control.o
    0x2000aa64   0x00000004   PAD
    0x2000aa68   0x00000400   Zero   RW         3326    STACK               startup_stm32f411xe.o


==============================================================================

Image component sizes


      Code (inc. data)   RO Data    RW Data    ZI Data      Debug   Object Name

         0          0          0          0          0       2001   ak8963.o
       532         30          0          7          0       3138   anomal_detec.o
      5296        222          0         18          0      18192   atkp.o
       984        160          0          0        336       5900   attitude_pid.o
       852         90          0         32         48       6185   bmp280.o
        52          8          0          1          0       1518   comm.o
      1560        154          0         22        104      10911   commander.o
       522        120          0        128        116       6313   config_param.o
       360         48          5          5         32       3840   console.o
       244        100          1         12          0       5660   debug_assert.o
       164         14          0          6          0       2376   delay.o
       498          8          0          5          0      13210   exti.o
       374         14          0          0          0       7585   filter.o
      1308        146          0         40          0       3300   flip.o
        64         20          0          0          0        755   freertosdebug.o
       532         70          0         24      30720       5154   heap_4.o
      1818         44         80        100          0      16285   i2c_drv.o
       470          0          0          0          0       7239   i2cdev.o
       378         26          0         64          0       4305   led.o
      3124        176        114        116        256      13961   ledring12.o
       812        112        128         32        160       7756   ledseq.o
       148          0          0          0          0       5246   list.o
       548        220          0          8          0     325390   main.o
       200         32          0          0          0       3115   misc.o
       526         44          0          9         20       3431   module_detect.o
       182         38          0          5          0       2910   module_mgt.o
       670         58         16          1         16       4065   motors.o
      1020        242          0          9         30      20813   mpu6500.o
       810        296          0          4          0       7749   nvic.o
       334         20          0          0          0       3167   pid.o
       544         92          0         24          0       6567   pm.o
       460         58          0          4          0      10692   port.o
      1152        136          0         12        196       7117   position_pid.o
       466         24          0          1         32       4915   power_control.o
      1966         22          0          0         80      27177   queue.o
      1020        408          0          8         64       6289   radiolink.o
       356         24          0          6         22       2586   remoter_ctrl.o
      1412        100          0         64          0       3130   sensfusion6.o
      2932        350          0         72       6437      23483   sensors.o
       324         54          0          2        204       7346   stabilizer.o
        36          8        408          0       1024        916   startup_stm32f411xe.o
       450         44          0          6         32       3313   state_control.o
       444         32          0         32          0       3828   state_estimator.o
       392         24          0          0          0       6231   stm32f4xx_adc.o
       830         72          0          0          0      10772   stm32f4xx_dma.o
       196         22          0          0          0       3069   stm32f4xx_exti.o
       426         40          0          0          0       5220   stm32f4xx_flash.o
       258          0          0          0          0       4697   stm32f4xx_gpio.o
       516         28          0          0          0       8276   stm32f4xx_i2c.o
        68         30          0          0          0       3050   stm32f4xx_iwdg.o
       508         64          0         16          0       8606   stm32f4xx_rcc.o
        64          4          0          0          0        752   stm32f4xx_syscfg.o
      1120        112          0          0          0      10819   stm32f4xx_tim.o
       448          8          0          0          0       6808   stm32f4xx_usart.o
       350         50          0          0          0       3543   stmflash.o
       208         28          0          0          0       1333   system.o
       336         32          0          0          0       1809   system_stm32f4xx.o
      2688        400          0         60        300      33161   tasks.o
      1092        114          0         20         40      12298   timers.o
       336         34          0          8          0       3241   uart1.o
      1240        228          0         33        124      36207   uart_syslink.o
        16          0          0          6          0       2748   usart.o
       184          6          0          0          0       3279   usb_bsp.o
      3430         18          0          0          0      44248   usb_core.o
       666          0          0          0          0       6880   usb_dcd.o
      2240         98          0          0          0      11319   usb_dcd_int.o
       892        110          0        152        643      10478   usbd_cdc_core.o
       416         52          0         36       1724       8967   usbd_cdc_vcp.o
       784          6          0         52          0      12984   usbd_core.o
       434        170          0         86        255       8207   usbd_desc.o
       224          0          0          0          0       5248   usbd_ioreq.o
      1756         56          0         13          0      12354   usbd_req.o
        98         28          0         32          0       5783   usbd_usr.o
       684        190          0          8         32       4294   usblink.o
       172         66          0          0          0       1358   watchdog.o
       692         66          0         10         22       5271   wifi_ctrl.o
       964        106          0         16         96       5536   ws2812.o

    ----------------------------------------------------------------------
     60752       6126        796       1468      43176     937675   Object Totals
         0          0         32          0          0          0   (incl. Generated)
        80          0         12         41         11          0   (incl. Padding)

    ----------------------------------------------------------------------

      Code (inc. data)   RO Data    RW Data    ZI Data      Debug   Library Member Name

       300         42          0          0          0        176   asinf.o
       592         90          0          0          0        184   atan2f.o
       336         56          0          0          0        136   cosf.o
       164         44          0          0          0        620   dunder.o
        44          0          0          0          0        248   fabs.o
        48          0          0          0          0        124   fpclassify.o
        38          0          0          0          0        116   fpclassifyf.o
        80         24          0          0          0        696   funder.o
       248          0          0          0          0        152   poly.o
      3128        302        136          0          0        356   pow.o
      1548        110        320          0          0        268   powf.o
         0          0          8          0          0          0   qnan.o
       340         24         32          0          0        160   rredf.o
       400         56          0          0          0        212   sinf.o
       110          0          0          0          0        148   sqrt.o
       120          0          0          0          0        272   sqrtf.o
       380         58          0          0          0        200   tanf.o
        86          0          0          0          0          0   __dczerorl2.o
         0          0          0          0          0          0   entry.o
         0          0          0          0          0          0   entry10a.o
         0          0          0          0          0          0   entry11a.o
         8          4          0          0          0          0   entry2.o
         4          0          0          0          0          0   entry5.o
         0          0          0          0          0          0   entry7b.o
         0          0          0          0          0          0   entry8b.o
         8          4          0          0          0          0   entry9a.o
        12          6          0          4          0         68   errno.o
        30          0          0          0          0          0   handlers.o
        36          8          0          0          0         68   init.o
         0          0          0          0          0          0   iusefp.o
        98          0          0          0          0         84   ldiv.o
        30          0          0          0          0         68   llshl.o
        36          0          0          0          0         68   llsshr.o
        32          0          0          0          0         68   llushr.o
        36          0          0          0          0         68   memcpya.o
        36          0          0          0          0        108   memseta.o
      2226         90          0          0          0        444   printfa.o
        44          0          0          0          0         80   uidiv.o
        98          0          0          0          0         92   uldiv.o
        48          0          0          0          0         68   cdcmple.o
        48          0          0          0          0         68   cdrcmple.o
        56          0          0          0          0         88   d2f.o
       334          0          0          0          0        148   dadd.o
       222          0          0          0          0        100   ddiv.o
       186          0          0          0          0        176   depilogue.o
        50          0          0          0          0         76   dfixui.o
        48          0          0          0          0         68   dfixul.o
        34          0          0          0          0         76   dflti.o
        26          0          0          0          0         76   dfltui.o
       228          0          0          0          0         96   dmul.o
        46          0          0          0          0         80   dscalb.o
       162          0          0          0          0        100   dsqrt.o
        38          0          0          0          0         68   f2d.o
       110          0          0          0          0        168   fepilogue.o
        44          0          0          0          0         92   ffltl.o

    ----------------------------------------------------------------------
     12400        918        496          4          0       6832   Library Totals
        24          0          0          0          0          0   (incl. Padding)

    ----------------------------------------------------------------------

      Code (inc. data)   RO Data    RW Data    ZI Data      Debug   Library Name

      7876        806        496          0          0       4068   m_wm.l
      2820        112          0          4          0       1216   mc_w.l
      1680          0          0          0          0       1548   mf_w.l

    ----------------------------------------------------------------------
     12400        918        496          4          0       6832   Library Totals

    ----------------------------------------------------------------------

==============================================================================


      Code (inc. data)   RO Data    RW Data    ZI Data      Debug   

     73152       7044       1292       1472      43176     881135   Grand Totals
     73152       7044       1292        480      43176     881135   ELF Image Totals (compressed)
     73152       7044       1292        480          0          0   ROM Totals

==============================================================================

    Total RO  Size (Code + RO Data)                74444 (  72.70kB)
    Total RW  Size (RW Data + ZI Data)             44648 (  43.60kB)
    Total ROM Size (Code + RO Data + RW Data)      74924 (  73.17kB)

==============================================================================

